$ powershell -NoProfile -File evidence/certifier/mutate_catalog_verify_fast.ps1
........................................................................ [ 92%]
.F....                                                                   [100%]
================================== FAILURES ===================================
_______________________ test_s1_c18_activity_visibility _______________________

world = namespace(fixture={'currency': 'EUR', 'minor_units': 2, 'users': [{'id': 'u_ada', 'email': 'ada@example.com', 'passwor...t 0x000001310F608080>, bob=<lib.http.Api object at 0x000001311093D9A0>, cy=<lib.http.Api object at 0x000001311093CE60>)
pay = <function pay.<locals>._pay at 0x0000013110914360>

    def test_s1_c18_activity_visibility(world, pay):
        """S1-U9: cy keeps the public ada→bob payment after a later private one."""
        pub = assert_status(pay(world.ada, to_handle="bob", amount=100, visibility="public"), 201).json()
        assert len(world.cy.get("/activity").json()["payments"]) == 1
        priv = assert_status(pay(world.ada, to_handle="bob", amount=50, visibility="private"), 201).json()
        cy_feed = world.cy.get("/activity").json()["payments"]
>       assert len(cy_feed) == 1, "third party sees public only, not the private payment"
E       AssertionError: third party sees public only, not the private payment
E       assert 0 == 1
E        +  where 0 = len([])

..\..\..\..\AppData\Local\Temp\umbra-1125eee4-r2pa6prh\repo\verify\stage-1\test_s1_splits_activity.py:52: AssertionError
============================== warnings summary ===============================
..\..\..\..\AppData\Local\Temp\umbra-1125eee4-r2pa6prh\repo\verify\stage-1\test_s1_auth.py:11
  C:\Users\HARIHARAN\AppData\Local\Temp\umbra-1125eee4-r2pa6prh\repo\verify\stage-1\test_s1_auth.py:11: PytestUnknownMarkWarning: Unknown pytest.mark.stage - is this a typo?  You can register custom marks to avoid this warning - for details, see https://docs.pytest.org/en/stable/how-to/mark.html
    pytestmark = pytest.mark.stage(1)

..\..\..\..\AppData\Local\Temp\umbra-1125eee4-r2pa6prh\repo\verify\stage-1\test_s1_delivery.py:8
  C:\Users\HARIHARAN\AppData\Local\Temp\umbra-1125eee4-r2pa6prh\repo\verify\stage-1\test_s1_delivery.py:8: PytestUnknownMarkWarning: Unknown pytest.mark.stage - is this a typo?  You can register custom marks to avoid this warning - for details, see https://docs.pytest.org/en/stable/how-to/mark.html
    pytestmark = pytest.mark.stage(1)

..\..\..\..\AppData\Local\Temp\umbra-1125eee4-r2pa6prh\repo\verify\stage-1\test_s1_differential.py:12
  C:\Users\HARIHARAN\AppData\Local\Temp\umbra-1125eee4-r2pa6prh\repo\verify\stage-1\test_s1_differential.py:12: PytestUnknownMarkWarning: Unknown pytest.mark.stage - is this a typo?  You can register custom marks to avoid this warning - for details, see https://docs.pytest.org/en/stable/how-to/mark.html
    pytestmark = pytest.mark.stage(1)

..\..\..\..\AppData\Local\Temp\umbra-1125eee4-r2pa6prh\repo\verify\stage-1\test_s1_errors_load.py:11
  C:\Users\HARIHARAN\AppData\Local\Temp\umbra-1125eee4-r2pa6prh\repo\verify\stage-1\test_s1_errors_load.py:11: PytestUnknownMarkWarning: Unknown pytest.mark.stage - is this a typo?  You can register custom marks to avoid this warning - for details, see https://docs.pytest.org/en/stable/how-to/mark.html
    pytestmark = pytest.mark.stage(1)

..\..\..\..\AppData\Local\Temp\umbra-1125eee4-r2pa6prh\repo\verify\stage-1\test_s1_export_import.py:9
  C:\Users\HARIHARAN\AppData\Local\Temp\umbra-1125eee4-r2pa6prh\repo\verify\stage-1\test_s1_export_import.py:9: PytestUnknownMarkWarning: Unknown pytest.mark.stage - is this a typo?  You can register custom marks to avoid this warning - for details, see https://docs.pytest.org/en/stable/how-to/mark.html
    pytestmark = pytest.mark.stage(1)

..\..\..\..\AppData\Local\Temp\umbra-1125eee4-r2pa6prh\repo\verify\stage-1\test_s1_idempotency.py:8
  C:\Users\HARIHARAN\AppData\Local\Temp\umbra-1125eee4-r2pa6prh\repo\verify\stage-1\test_s1_idempotency.py:8: PytestUnknownMarkWarning: Unknown pytest.mark.stage - is this a typo?  You can register custom marks to avoid this warning - for details, see https://docs.pytest.org/en/stable/how-to/mark.html
    pytestmark = pytest.mark.stage(1)

..\..\..\..\AppData\Local\Temp\umbra-1125eee4-r2pa6prh\repo\verify\stage-1\test_s1_invariants.py:10
  C:\Users\HARIHARAN\AppData\Local\Temp\umbra-1125eee4-r2pa6prh\repo\verify\stage-1\test_s1_invariants.py:10: PytestUnknownMarkWarning: Unknown pytest.mark.stage - is this a typo?  You can register custom marks to avoid this warning - for details, see https://docs.pytest.org/en/stable/how-to/mark.html
    pytestmark = pytest.mark.stage(1)

..\..\..\..\AppData\Local\Temp\umbra-1125eee4-r2pa6prh\repo\verify\stage-1\test_s1_payments.py:9
  C:\Users\HARIHARAN\AppData\Local\Temp\umbra-1125eee4-r2pa6prh\repo\verify\stage-1\test_s1_payments.py:9: PytestUnknownMarkWarning: Unknown pytest.mark.stage - is this a typo?  You can register custom marks to avoid this warning - for details, see https://docs.pytest.org/en/stable/how-to/mark.html
    pytestmark = pytest.mark.stage(1)

..\..\..\..\AppData\Local\Temp\umbra-1125eee4-r2pa6prh\repo\verify\stage-1\test_s1_requests.py:8
  C:\Users\HARIHARAN\AppData\Local\Temp\umbra-1125eee4-r2pa6prh\repo\verify\stage-1\test_s1_requests.py:8: PytestUnknownMarkWarning: Unknown pytest.mark.stage - is this a typo?  You can register custom marks to avoid this warning - for details, see https://docs.pytest.org/en/stable/how-to/mark.html
    pytestmark = pytest.mark.stage(1)

..\..\..\..\AppData\Local\Temp\umbra-1125eee4-r2pa6prh\repo\verify\stage-1\test_s1_runtime.py:13
  C:\Users\HARIHARAN\AppData\Local\Temp\umbra-1125eee4-r2pa6prh\repo\verify\stage-1\test_s1_runtime.py:13: PytestUnknownMarkWarning: Unknown pytest.mark.stage - is this a typo?  You can register custom marks to avoid this warning - for details, see https://docs.pytest.org/en/stable/how-to/mark.html
    pytestmark = pytest.mark.stage(1)

..\..\..\..\AppData\Local\Temp\umbra-1125eee4-r2pa6prh\repo\verify\stage-1\test_s1_settlements.py:9
  C:\Users\HARIHARAN\AppData\Local\Temp\umbra-1125eee4-r2pa6prh\repo\verify\stage-1\test_s1_settlements.py:9: PytestUnknownMarkWarning: Unknown pytest.mark.stage - is this a typo?  You can register custom marks to avoid this warning - for details, see https://docs.pytest.org/en/stable/how-to/mark.html
    pytestmark = pytest.mark.stage(1)

..\..\..\..\AppData\Local\Temp\umbra-1125eee4-r2pa6prh\repo\verify\stage-1\test_s1_spec_edges.py:10
  C:\Users\HARIHARAN\AppData\Local\Temp\umbra-1125eee4-r2pa6prh\repo\verify\stage-1\test_s1_spec_edges.py:10: PytestUnknownMarkWarning: Unknown pytest.mark.stage - is this a typo?  You can register custom marks to avoid this warning - for details, see https://docs.pytest.org/en/stable/how-to/mark.html
    pytestmark = pytest.mark.stage(1)

..\..\..\..\AppData\Local\Temp\umbra-1125eee4-r2pa6prh\repo\verify\stage-1\test_s1_splits_activity.py:9
  C:\Users\HARIHARAN\AppData\Local\Temp\umbra-1125eee4-r2pa6prh\repo\verify\stage-1\test_s1_splits_activity.py:9: PytestUnknownMarkWarning: Unknown pytest.mark.stage - is this a typo?  You can register custom marks to avoid this warning - for details, see https://docs.pytest.org/en/stable/how-to/mark.html
    pytestmark = pytest.mark.stage(1)

-- Docs: https://docs.pytest.org/en/stable/how-to/capture-warnings.html
=========================== short test summary info ===========================
FAILED ..\..\..\..\AppData\Local\Temp\umbra-1125eee4-r2pa6prh\repo\verify\stage-1\test_s1_splits_activity.py::test_s1_c18_activity_visibility
1 failed, 77 passed, 13 warnings in 281.01s (0:04:41)

=================================== ERRORS ====================================
________________________ ERROR collecting test session ________________________
..\..\..\..\AppData\Local\Programs\Python\Python312\Lib\pathlib.py:847: in lstat
    return self.stat(follow_symlinks=False)
           ^^^^^^^^^^^^^^^^^^^^^^^^^^^^^^^^
..\..\..\..\AppData\Local\Programs\Python\Python312\Lib\pathlib.py:840: in stat
    return os.stat(self, follow_symlinks=follow_symlinks)
           ^^^^^^^^^^^^^^^^^^^^^^^^^^^^^^^^^^^^^^^^^^^^^^
E   FileNotFoundError: [WinError 2] The system cannot find the file specified: 'C:\\Users\\HARIHARAN\\AppData\\Local\\Temp\\tmpdn250bah'
=========================== short test summary info ===========================
ERROR ..\..\..\..\.. - FileNotFoundError: [WinError 2] The system cannot find...
!!!!!!!!!!!!!!!!!!! Interrupted: 1 error during collection !!!!!!!!!!!!!!!!!!!!
1 error in 1.30s
MUTANT m01_pair_hide_public.patch: killed verifier,breaker
mutation score 1/1 (invalid 0)

=================================== ERRORS ====================================
________________________ ERROR collecting test session ________________________
..\..\..\..\AppData\Local\Programs\Python\Python312\Lib\pathlib.py:847: in lstat
    return self.stat(follow_symlinks=False)
           ^^^^^^^^^^^^^^^^^^^^^^^^^^^^^^^^
..\..\..\..\AppData\Local\Programs\Python\Python312\Lib\pathlib.py:840: in stat
    return os.stat(self, follow_symlinks=follow_symlinks)
           ^^^^^^^^^^^^^^^^^^^^^^^^^^^^^^^^^^^^^^^^^^^^^^
E   FileNotFoundError: [WinError 2] The system cannot find the file specified: 'C:\\Users\\HARIHARAN\\AppData\\Local\\Temp\\tmpt2klzyj3'
=========================== short test summary info ===========================
ERROR ..\..\..\..\.. - FileNotFoundError: [WinError 2] The system cannot find...
!!!!!!!!!!!!!!!!!!! Interrupted: 1 error during collection !!!!!!!!!!!!!!!!!!!!
1 error in 0.98s

=================================== ERRORS ====================================
________________________ ERROR collecting test session ________________________
..\..\..\..\AppData\Local\Programs\Python\Python312\Lib\pathlib.py:847: in lstat
    return self.stat(follow_symlinks=False)
           ^^^^^^^^^^^^^^^^^^^^^^^^^^^^^^^^
..\..\..\..\AppData\Local\Programs\Python\Python312\Lib\pathlib.py:840: in stat
    return os.stat(self, follow_symlinks=follow_symlinks)
           ^^^^^^^^^^^^^^^^^^^^^^^^^^^^^^^^^^^^^^^^^^^^^^
E   FileNotFoundError: [WinError 2] The system cannot find the file specified: 'C:\\Users\\HARIHARAN\\AppData\\Local\\Temp\\tmpblrwx_bw'
=========================== short test summary info ===========================
ERROR ..\..\..\..\.. - FileNotFoundError: [WinError 2] The system cannot find...
!!!!!!!!!!!!!!!!!!! Interrupted: 1 error during collection !!!!!!!!!!!!!!!!!!!!
1 error in 1.09s
MUTANT m02_skip_insufficient.patch: killed verifier,breaker
mutation score 1/1 (invalid 0)

=================================== ERRORS ====================================
________________________ ERROR collecting test session ________________________
..\..\..\..\AppData\Local\Programs\Python\Python312\Lib\pathlib.py:847: in lstat
    return self.stat(follow_symlinks=False)
           ^^^^^^^^^^^^^^^^^^^^^^^^^^^^^^^^
..\..\..\..\AppData\Local\Programs\Python\Python312\Lib\pathlib.py:840: in stat
    return os.stat(self, follow_symlinks=follow_symlinks)
           ^^^^^^^^^^^^^^^^^^^^^^^^^^^^^^^^^^^^^^^^^^^^^^
E   FileNotFoundError: [WinError 2] The system cannot find the file specified: 'C:\\Users\\HARIHARAN\\AppData\\Local\\Temp\\tmpjg0_t80z'
=========================== short test summary info ===========================
ERROR ..\..\..\..\.. - FileNotFoundError: [WinError 2] The system cannot find...
!!!!!!!!!!!!!!!!!!! Interrupted: 1 error during collection !!!!!!!!!!!!!!!!!!!!
1 error in 1.08s
......................................F.F....F......FF.F..F..FF.....F... [ 83%]
..............                                                           [100%]
================================== FAILURES ===================================
______________ test_concurrent_same_key_payment_moves_money_once ______________

boot = <function boot.<locals>._boot at 0x000002499F543100>
api = <function api.<locals>._make at 0x000002499F541300>

    def test_concurrent_same_key_payment_moves_money_once(boot, api):
        """30 simultaneous identical requests with one unused key: one effect, one 201."""
        w = boot(fixture(users=[user("ada", 1000), user("bob", 0)]), handles=("ada", "bob"))
        key = new_key()
        payload = {"to_handle": "bob", "amount": 100}
    
        def one(i):
            c = api(token=w.ada.token)
            return c.post(PAY, json=payload, headers={"Idempotency-Key": key})
    
        results = race(one, 30)
        for r in results:
            assert_no_5xx(r)
        codes = [r.status_code for r in results]
>       assert codes.count(201) == 1, f"exactly one first-use must win: {codes}"
E       AssertionError: exactly one first-use must win: [201, 201, 201, 409, 409, 409, 201, 409, 201, 409, 409, 409, 409, 409, 201, 409, 201, 201, 409, 409, 409, 201, 409, 409, 409, 409, 409, 201, 409, 409]
E       assert 10 == 1
E        +  where 10 = <built-in method count of list object at 0x000002499F4DB740>(201)
E        +    where <built-in method count of list object at 0x000002499F4DB740> = [201, 201, 201, 409, 409, 409, ...].count

..\..\..\..\AppData\Local\Temp\umbra-1125eee4-oyxkshtg\repo\attacks\stage-1\test_concurrency.py:60: AssertionError
____________________ test_concurrent_pay_request_same_key _____________________

boot = <function boot.<locals>._boot at 0x000002499F5F5580>
api = <function api.<locals>._make at 0x000002499F5F4400>

    def test_concurrent_pay_request_same_key(boot, api):
        """One request paid 30 times with the same key: replays are 200, money once."""
        w = boot(fixture(users=[user("ada", 1000), user("bob", 0)]), handles=("ada", "bob"))
        made = w.bob.post("/requests", json={"payer_handle": "ada", "amount": 100},
                          headers={"Idempotency-Key": new_key()})
        assert made.status_code == 201, made.text
        rid = made.json()["request_id"]
        key = new_key()
    
        def one(i):
            c = api(token=w.ada.token)
            return c.post(f"/requests/{rid}/pay", json={}, headers={"Idempotency-Key": key})
    
        results = race(one, 30)
        for r in results:
            assert_no_5xx(r)
        codes = [r.status_code for r in results]
        assert codes.count(201) == 1, codes
>       assert all(c in (200, 201) for c in codes), codes
E       AssertionError: [409, 409, 409, 409, 409, 409, ...]
E       assert False
E        +  where False = all(<generator object test_concurrent_pay_request_same_key.<locals>.<genexpr> at 0x000002499F4F3ED0>)

..\..\..\..\AppData\Local\Temp\umbra-1125eee4-oyxkshtg\repo\attacks\stage-1\test_concurrency.py:116: AssertionError
___________ test_round_trip_preserves_balances_tokens_and_receipts ____________

world = namespace(fixture={'currency': 'EUR', 'minor_units': 2, 'users': [{'id': 'u_ada', 'email': 'ada@example.com', 'passwor...499F5A12B0>, <attacklib.Client object at 0x00000249A064E990>], api=<function api.<locals>._make at 0x000002499F52D760>)

    def test_round_trip_preserves_balances_tokens_and_receipts(world):
        key = new_key()
        first = world.ada.post(PAY, json={"to_handle": "bob", "amount": 123},
                               headers={"Idempotency-Key": key})
        assert_status(first, 201)
        pid = first.json()["payment_id"]
        created = first.json()["created_at"]
        ada_after = world.ada.balance()
        bob_after = world.bob.balance()
    
        snapshot = _export()
        assert_status(snapshot, 200)
    
        world.ada.post(PAY, json={"to_handle": "cy", "amount": 50},
                       headers={"Idempotency-Key": new_key()})
        assert world.ada.balance() != ada_after
    
        assert_status(_import(snapshot.json()), 204)
    
        assert world.ada.balance() == ada_after
        assert world.bob.balance() == bob_after
        assert world.ada.get("/me").status_code == 200, "token did not survive import"
    
        replay = world.ada.post(PAY, json={"to_handle": "bob", "amount": 123},
                                headers={"Idempotency-Key": key})
>       assert_status(replay, 200)

..\..\..\..\AppData\Local\Temp\umbra-1125eee4-oyxkshtg\repo\attacks\stage-1\test_durability.py:76: 
_ _ _ _ _ _ _ _ _ _ _ _ _ _ _ _ _ _ _ _ _ _ _ _ _ _ _ _ _ _ _ _ _ _ _ _ _ _ _ _

resp = <Response [201 Created]>, expected = 200

    def assert_status(resp: httpx.Response, expected: int) -> httpx.Response:
>       assert resp.status_code == expected, f"expected {expected}. {describe(resp)}"
               ^^^^^^^^^^^^^^^^^^^^^^^^^^^^
E       AssertionError: expected 200. POST /payments -> 201 '{"payment_id":"p_4c2b8a43cd080219a2ba6a7d86df4544","from_user_id":"u_ada","from_handle":"ada","to_user_id":"u_bob","to_handle":"bob","amount":123,"currency":"EUR","note":"","visibility":"public","request_id":null,"created_at":"2026-10-03T14:30:44+00:00"}'

..\..\..\..\AppData\Local\Temp\umbra-1125eee4-oyxkshtg\repo\attacks\stage-1\attacklib.py:82: AssertionError
__________ test_replay_returns_identical_body_without_second_effect ___________

world = namespace(fixture={'currency': 'EUR', 'minor_units': 2, 'users': [{'id': 'u_ada', 'email': 'ada@example.com', 'passwor...49A062D190>, <attacklib.Client object at 0x00000249A06271D0>], api=<function api.<locals>._make at 0x000002499F5432E0>)

    def test_replay_returns_identical_body_without_second_effect(world):
        key = new_key()
        first = _pay(world.ada, 100, key=key)
        assert_status(first, 201)
        before = world.ada.balance()
        replay = _pay(world.ada, 100, key=key)
>       assert_status(replay, 200)

..\..\..\..\AppData\Local\Temp\umbra-1125eee4-oyxkshtg\repo\attacks\stage-1\test_idempotency.py:50: 
_ _ _ _ _ _ _ _ _ _ _ _ _ _ _ _ _ _ _ _ _ _ _ _ _ _ _ _ _ _ _ _ _ _ _ _ _ _ _ _

resp = <Response [201 Created]>, expected = 200

    def assert_status(resp: httpx.Response, expected: int) -> httpx.Response:
>       assert resp.status_code == expected, f"expected {expected}. {describe(resp)}"
               ^^^^^^^^^^^^^^^^^^^^^^^^^^^^
E       AssertionError: expected 200. POST /payments -> 201 '{"payment_id":"p_b910f62a1346e8f76d7f2000d2688e4b","from_user_id":"u_ada","from_handle":"ada","to_user_id":"u_bob","to_handle":"bob","amount":100,"currency":"EUR","note":"","visibility":"public","request_id":null,"created_at":"2026-10-03T14:32:06+00:00"}'

..\..\..\..\AppData\Local\Temp\umbra-1125eee4-oyxkshtg\repo\attacks\stage-1\attacklib.py:82: AssertionError
____________________ test_same_key_different_body_is_reuse ____________________

world = namespace(fixture={'currency': 'EUR', 'minor_units': 2, 'users': [{'id': 'u_ada', 'email': 'ada@example.com', 'passwor...49A0632570>, <attacklib.Client object at 0x00000249A0642540>], api=<function api.<locals>._make at 0x000002499F540360>)

    def test_same_key_different_body_is_reuse(world):
        key = new_key()
        assert_status(_pay(world.ada, 100, to_handle="bob", key=key), 201)
        r = _pay(world.ada, 100, to_handle="cy", key=key)
>       assert_error(r, 409, "idempotency_key_reuse")

..\..\..\..\AppData\Local\Temp\umbra-1125eee4-oyxkshtg\repo\attacks\stage-1\test_idempotency.py:59: 
_ _ _ _ _ _ _ _ _ _ _ _ _ _ _ _ _ _ _ _ _ _ _ _ _ _ _ _ _ _ _ _ _ _ _ _ _ _ _ _

resp = <Response [201 Created]>, status = 409, code = 'idempotency_key_reuse'

    def assert_error(resp: httpx.Response, status: int, code: str) -> httpx.Response:
        actual = error_code(resp) if 400 <= resp.status_code < 600 else None
>       assert resp.status_code == status and actual == code, (
               ^^^^^^^^^^^^^^^^^^^^^^^^^^^^^^^^^^^^^^^^^^^^^
            f"expected {status} {code}, got {resp.status_code} {actual}. {describe(resp)}")
E       AssertionError: expected 409 idempotency_key_reuse, got 201 None. POST /payments -> 201 '{"payment_id":"p_b72515c37f4cf8dc6ecc66d5f695ef00","from_user_id":"u_ada","from_handle":"ada","to_user_id":"u_cy","to_handle":"cy","amount":100,"currency":"EUR","note":"","visibility":"public","request_id":null,"created_at":"2026-10-03T14:32:12+00:00"}'

..\..\..\..\AppData\Local\Temp\umbra-1125eee4-oyxkshtg\repo\attacks\stage-1\attacklib.py:105: AssertionError
___________________ test_claimed_key_wins_over_invalid_body ___________________

world = namespace(fixture={'currency': 'EUR', 'minor_units': 2, 'users': [{'id': 'u_ada', 'email': 'ada@example.com', 'passwor...499F5C0080>, <attacklib.Client object at 0x000002499F459850>], api=<function api.<locals>._make at 0x000002499F52F6A0>)

    def test_claimed_key_wins_over_invalid_body(world):
        key = new_key()
        assert_status(_pay(world.ada, 100, key=key), 201)
        r = _pay(world.ada, 0, key=key)
>       assert_error(r, 409, "idempotency_key_reuse")

..\..\..\..\AppData\Local\Temp\umbra-1125eee4-oyxkshtg\repo\attacks\stage-1\test_idempotency.py:74: 
_ _ _ _ _ _ _ _ _ _ _ _ _ _ _ _ _ _ _ _ _ _ _ _ _ _ _ _ _ _ _ _ _ _ _ _ _ _ _ _

resp = <Response [422 Unprocessable Entity]>, status = 409
code = 'idempotency_key_reuse'

    def assert_error(resp: httpx.Response, status: int, code: str) -> httpx.Response:
        actual = error_code(resp) if 400 <= resp.status_code < 600 else None
>       assert resp.status_code == status and actual == code, (
               ^^^^^^^^^^^^^^^^^^^^^^^^^^^^^^^^^^^^^^^^^^^^^
            f"expected {status} {code}, got {resp.status_code} {actual}. {describe(resp)}")
E       AssertionError: expected 409 idempotency_key_reuse, got 422 validation_failed. POST /payments -> 422 '{"error":{"code":"validation_failed","message":"invalid amount"}}'

..\..\..\..\AppData\Local\Temp\umbra-1125eee4-oyxkshtg\repo\attacks\stage-1\attacklib.py:105: AssertionError
_______________ test_request_pay_replay_after_paid_returns_200 ________________

world = namespace(fixture={'currency': 'EUR', 'minor_units': 2, 'users': [{'id': 'u_ada', 'email': 'ada@example.com', 'passwor...499F5C34D0>, <attacklib.Client object at 0x000002499F5C2630>], api=<function api.<locals>._make at 0x000002499F542660>)

    def test_request_pay_replay_after_paid_returns_200(world):
        made = world.bob.post(REQ, json={"payer_handle": "ada", "amount": 100},
                              headers={"Idempotency-Key": new_key()})
        assert_status(made, 201)
        rid = made.json()["request_id"]
        key = new_key()
        first = world.ada.post(f"/requests/{rid}/pay", json={},
                               headers={"Idempotency-Key": key})
        assert_status(first, 201)
        assert first.json()["request_id"] == rid
        replay = world.ada.post(f"/requests/{rid}/pay", json={},
                                headers={"Idempotency-Key": key})
>       assert_status(replay, 200)

..\..\..\..\AppData\Local\Temp\umbra-1125eee4-oyxkshtg\repo\attacks\stage-1\test_idempotency.py:107: 
_ _ _ _ _ _ _ _ _ _ _ _ _ _ _ _ _ _ _ _ _ _ _ _ _ _ _ _ _ _ _ _ _ _ _ _ _ _ _ _

resp = <Response [409 Conflict]>, expected = 200

    def assert_status(resp: httpx.Response, expected: int) -> httpx.Response:
>       assert resp.status_code == expected, f"expected {expected}. {describe(resp)}"
               ^^^^^^^^^^^^^^^^^^^^^^^^^^^^
E       AssertionError: expected 200. POST /requests/rq_70de9ebc17a38819433c32eaf16c145a/pay -> 409 '{"error":{"code":"request_not_pending","message":"request not pending"}}'

..\..\..\..\AppData\Local\Temp\umbra-1125eee4-oyxkshtg\repo\attacks\stage-1\attacklib.py:82: AssertionError
__________ test_split_replay_is_identical_and_creates_nothing_extra ___________

world = namespace(fixture={'currency': 'EUR', 'minor_units': 2, 'users': [{'id': 'u_ada', 'email': 'ada@example.com', 'passwor...499F5C0F50>, <attacklib.Client object at 0x000002499F564FB0>], api=<function api.<locals>._make at 0x000002499F5420C0>)

    def test_split_replay_is_identical_and_creates_nothing_extra(world):
        key = new_key()
        body = {"amount": 300, "participant_handles": ["ada", "bob", "cy"], "note": "x"}
        first = world.ada.post(SPLIT, json=body, headers={"Idempotency-Key": key})
        assert_status(first, 201)
        count = len(world.bob.get(REQ).json()["requests"])
        replay = world.ada.post(SPLIT, json=body, headers={"Idempotency-Key": key})
>       assert_status(replay, 200)

..\..\..\..\AppData\Local\Temp\umbra-1125eee4-oyxkshtg\repo\attacks\stage-1\test_idempotency.py:142: 
_ _ _ _ _ _ _ _ _ _ _ _ _ _ _ _ _ _ _ _ _ _ _ _ _ _ _ _ _ _ _ _ _ _ _ _ _ _ _ _

resp = <Response [201 Created]>, expected = 200

    def assert_status(resp: httpx.Response, expected: int) -> httpx.Response:
>       assert resp.status_code == expected, f"expected {expected}. {describe(resp)}"
               ^^^^^^^^^^^^^^^^^^^^^^^^^^^^
E       AssertionError: expected 200. POST /splits -> 201 '{"amount":300,"created_at":"2026-10-03T14:32:42+00:00","currency":"EUR","note":"x","participant_handles":["ada","bob","cy"],"requests":[{"request_id":"rq_889defae1bea3ffd7a3cc1287e51a204","requester_id":"u_ada","requester_handle":"ada","payer_id":"u_bob","payer_handle":"bob","amount":100,"currency":"EUR","note":"x","status":"pending","payment_id":null,"created_at":"2026-10-03T14:32:42+00:00"},{"re...'

..\..\..\..\AppData\Local\Temp\umbra-1125eee4-oyxkshtg\repo\attacks\stage-1\attacklib.py:82: AssertionError
_________ test_settlement_replay_is_identical_and_moves_nothing_extra _________

world = namespace(fixture={'currency': 'EUR', 'minor_units': 2, 'users': [{'id': 'u_ada', 'email': 'ada@example.com', 'passwor...499F5ABAA0>, <attacklib.Client object at 0x00000249A05E72F0>], api=<function api.<locals>._make at 0x000002499F541D00>)

    def test_settlement_replay_is_identical_and_moves_nothing_extra(world):
        key = new_key()
        body = {"transfers": [{"from_handle": "op", "to_handle": "bob", "amount": 300}]}
        first = world.op.post(SETTLE, json=body, headers={"Idempotency-Key": key})
        assert_status(first, 201)
        op_after = world.op.balance()
        bob_after = world.bob.balance()
        replay = world.op.post(SETTLE, json=body, headers={"Idempotency-Key": key})
>       assert_status(replay, 200)

..\..\..\..\AppData\Local\Temp\umbra-1125eee4-oyxkshtg\repo\attacks\stage-1\test_idempotency.py:155: 
_ _ _ _ _ _ _ _ _ _ _ _ _ _ _ _ _ _ _ _ _ _ _ _ _ _ _ _ _ _ _ _ _ _ _ _ _ _ _ _

resp = <Response [201 Created]>, expected = 200

    def assert_status(resp: httpx.Response, expected: int) -> httpx.Response:
>       assert resp.status_code == expected, f"expected {expected}. {describe(resp)}"
               ^^^^^^^^^^^^^^^^^^^^^^^^^^^^
E       AssertionError: expected 200. POST /settlements -> 201 '{"committed_at":"2026-10-03T14:32:46+00:00","payments":[{"payment_id":"p_b7ae4a8d6f7b3c5fc1768644efe4544b","from_user_id":"u_op","from_handle":"op","to_user_id":"u_bob","to_handle":"bob","amount":300,"currency":"EUR","note":"","visibility":"public","request_id":null,"settlement_id":"st_75136ee45a087209b016125be97d7486","created_at":"2026-10-03T14:32:46+00:00"}],"settlement_id":"st_75136ee45a087209...'

..\..\..\..\AppData\Local\Temp\umbra-1125eee4-oyxkshtg\repo\attacks\stage-1\attacklib.py:82: AssertionError
_______________ test_request_pay_replay_body_must_be_identical ________________

world = namespace(fixture={'currency': 'EUR', 'minor_units': 2, 'users': [{'id': 'u_ada', 'email': 'ada@example.com', 'passwor...499F596690>, <attacklib.Client object at 0x000002499F597BC0>], api=<function api.<locals>._make at 0x000002499F5431A0>)

    def test_request_pay_replay_body_must_be_identical(world):
        made = _ask(world.bob, payer_handle="ada")
        rid = made.json()["request_id"]
        key = new_key()
        assert_status(world.ada.post(f"/requests/{rid}/pay", json={},
                                     headers={"Idempotency-Key": key}), 201)
        r = world.ada.post(f"/requests/{rid}/pay", json={"visibility": "public"},
                           headers={"Idempotency-Key": key})
>       assert_error(r, 409, "idempotency_key_reuse")

..\..\..\..\AppData\Local\Temp\umbra-1125eee4-oyxkshtg\repo\attacks\stage-1\test_requests.py:88: 
_ _ _ _ _ _ _ _ _ _ _ _ _ _ _ _ _ _ _ _ _ _ _ _ _ _ _ _ _ _ _ _ _ _ _ _ _ _ _ _

resp = <Response [409 Conflict]>, status = 409, code = 'idempotency_key_reuse'

    def assert_error(resp: httpx.Response, status: int, code: str) -> httpx.Response:
        actual = error_code(resp) if 400 <= resp.status_code < 600 else None
>       assert resp.status_code == status and actual == code, (
               ^^^^^^^^^^^^^^^^^^^^^^^^^^^^^^^^^^^^^^^^^^^^^
            f"expected {status} {code}, got {resp.status_code} {actual}. {describe(resp)}")
E       AssertionError: expected 409 idempotency_key_reuse, got 409 request_not_pending. POST /requests/rq_30c808a61f38e02e1777a05c291983b8/pay -> 409 '{"error":{"code":"request_not_pending","message":"request not pending"}}'

..\..\..\..\AppData\Local\Temp\umbra-1125eee4-oyxkshtg\repo\attacks\stage-1\attacklib.py:105: AssertionError
=========================== short test summary info ===========================
FAILED ..\..\..\..\AppData\Local\Temp\umbra-1125eee4-oyxkshtg\repo\attacks\stage-1\test_concurrency.py::test_concurrent_same_key_payment_moves_money_once
FAILED ..\..\..\..\AppData\Local\Temp\umbra-1125eee4-oyxkshtg\repo\attacks\stage-1\test_concurrency.py::test_concurrent_pay_request_same_key
FAILED ..\..\..\..\AppData\Local\Temp\umbra-1125eee4-oyxkshtg\repo\attacks\stage-1\test_durability.py::test_round_trip_preserves_balances_tokens_and_receipts
FAILED ..\..\..\..\AppData\Local\Temp\umbra-1125eee4-oyxkshtg\repo\attacks\stage-1\test_idempotency.py::test_replay_returns_identical_body_without_second_effect
FAILED ..\..\..\..\AppData\Local\Temp\umbra-1125eee4-oyxkshtg\repo\attacks\stage-1\test_idempotency.py::test_same_key_different_body_is_reuse
FAILED ..\..\..\..\AppData\Local\Temp\umbra-1125eee4-oyxkshtg\repo\attacks\stage-1\test_idempotency.py::test_claimed_key_wins_over_invalid_body
FAILED ..\..\..\..\AppData\Local\Temp\umbra-1125eee4-oyxkshtg\repo\attacks\stage-1\test_idempotency.py::test_request_pay_replay_after_paid_returns_200
FAILED ..\..\..\..\AppData\Local\Temp\umbra-1125eee4-oyxkshtg\repo\attacks\stage-1\test_idempotency.py::test_split_replay_is_identical_and_creates_nothing_extra
FAILED ..\..\..\..\AppData\Local\Temp\umbra-1125eee4-oyxkshtg\repo\attacks\stage-1\test_idempotency.py::test_settlement_replay_is_identical_and_moves_nothing_extra
FAILED ..\..\..\..\AppData\Local\Temp\umbra-1125eee4-oyxkshtg\repo\attacks\stage-1\test_requests.py::test_request_pay_replay_body_must_be_identical
10 failed, 76 passed in 514.72s (0:08:34)
MUTANT m03_idempotency_no_replay.patch: killed verifier,breaker
mutation score 1/1 (invalid 0)
mutation score 3/3 (verifier,breaker per mutant; official on clean build E-certifier-1)

exit 0
