$ powershell -NoProfile -File evidence/certifier/reexec_accept_s2.ps1
building /mnt/c/Users/HARIHARAN/AppData/Local/Temp/umbra-bd3258e7-3jwkpfz4/repo/stage-2 ...
  stage 1: pass  (log: /mnt/c/Users/HARIHARAN/Desktop/Band/band-work/result/.umbra/runs/6d54fc2540/stage-1.log)
building upgrade source /mnt/c/Users/HARIHARAN/AppData/Local/Temp/umbra-bd3258e7-3jwkpfz4/repo/stage-1 ...
  stage 2: pass  (log: /mnt/c/Users/HARIHARAN/Desktop/Band/band-work/result/.umbra/runs/6d54fc2540/stage-2.log)
  stage 3: fail  (log: /mnt/c/Users/HARIHARAN/Desktop/Band/band-work/result/.umbra/runs/6d54fc2540/stage-3.log)
highest contiguous stage: 2
claimed stage: 2 on the shipped checks
report: /mnt/c/Users/HARIHARAN/Desktop/Band/band-work/result/.umbra/runs/6d54fc2540/report.json
NOTE: this run only includes a portion of the full tests that are applied before judging; this is meant to provide directional feedback, and ultimately you may not pass the stage with the full set of tests.
official report: C:\Users\HARIHARAN\Desktop\Band\band-work\result\.umbra\runs\6d54fc2540\report.json
official stage 2: PASS (exit 0)
E-verifier-53: recorded exit 0, re-executed exit 0 -> REPRODUCED
..........................                                               [100%]
============================== warnings summary ===============================
verify\stage-2\test_s2_ui_testids.py:6
  C:\Users\HARIHARAN\Desktop\Band\band-work\result\verify\stage-2\test_s2_ui_testids.py:6: PytestUnknownMarkWarning: Unknown pytest.mark.stage - is this a typo?  You can register custom marks to avoid this warning - for details, see https://docs.pytest.org/en/stable/how-to/mark.html
    pytestmark = pytest.mark.stage(2)

verify\stage-2\test_s2_authorization_spec.py:11
  C:\Users\HARIHARAN\Desktop\Band\band-work\result\verify\stage-2\test_s2_authorization_spec.py:11: PytestUnknownMarkWarning: Unknown pytest.mark.stage - is this a typo?  You can register custom marks to avoid this warning - for details, see https://docs.pytest.org/en/stable/how-to/mark.html
    pytestmark = pytest.mark.stage(2)

verify\stage-2\test_s2_wallet_authorizations.py:8
  C:\Users\HARIHARAN\Desktop\Band\band-work\result\verify\stage-2\test_s2_wallet_authorizations.py:8: PytestUnknownMarkWarning: Unknown pytest.mark.stage - is this a typo?  You can register custom marks to avoid this warning - for details, see https://docs.pytest.org/en/stable/how-to/mark.html
    pytestmark = pytest.mark.stage(2)

-- Docs: https://docs.pytest.org/en/stable/how-to/capture-warnings.html
26 passed, 3 warnings in 100.89s (0:01:40)
E-verifier-54: recorded exit 0, re-executed exit 0 -> REPRODUCED
.                                                                        [100%]
============================== warnings summary ===============================
verify\stage-2\test_s2_ui_testids.py:6
  C:\Users\HARIHARAN\Desktop\Band\band-work\result\verify\stage-2\test_s2_ui_testids.py:6: PytestUnknownMarkWarning: Unknown pytest.mark.stage - is this a typo?  You can register custom marks to avoid this warning - for details, see https://docs.pytest.org/en/stable/how-to/mark.html
    pytestmark = pytest.mark.stage(2)

-- Docs: https://docs.pytest.org/en/stable/how-to/capture-warnings.html
1 passed, 1 warning in 1.92s
E-verifier-55: recorded exit 0, re-executed exit 0 -> REPRODUCED
building /mnt/c/Users/HARIHARAN/AppData/Local/Temp/umbra-b013f5e1-1arf13_t/repo/stage-2 ...
  stage 1: pass  (log: /mnt/c/Users/HARIHARAN/Desktop/Band/band-work/result/.umbra/runs/e01d00dd38/stage-1.log)
building upgrade source /mnt/c/Users/HARIHARAN/AppData/Local/Temp/umbra-b013f5e1-1arf13_t/repo/stage-1 ...
  stage 2: pass  (log: /mnt/c/Users/HARIHARAN/Desktop/Band/band-work/result/.umbra/runs/e01d00dd38/stage-2.log)
  stage 3: fail  (log: /mnt/c/Users/HARIHARAN/Desktop/Band/band-work/result/.umbra/runs/e01d00dd38/stage-3.log)
highest contiguous stage: 2
claimed stage: 2 on the shipped checks
report: /mnt/c/Users/HARIHARAN/Desktop/Band/band-work/result/.umbra/runs/e01d00dd38/report.json
NOTE: this run only includes a portion of the full tests that are applied before judging; this is meant to provide directional feedback, and ultimately you may not pass the stage with the full set of tests.
official report: C:\Users\HARIHARAN\Desktop\Band\band-work\result\.umbra\runs\e01d00dd38\report.json
official stage 2: PASS (exit 0)
E-verifier-56: recorded exit 0, re-executed exit 0 -> REPRODUCED
.                                                                        [100%]
============================== warnings summary ===============================
verify\stage-2\test_s2_ui_flows.py:8
  C:\Users\HARIHARAN\Desktop\Band\band-work\result\verify\stage-2\test_s2_ui_flows.py:8: PytestUnknownMarkWarning: Unknown pytest.mark.stage - is this a typo?  You can register custom marks to avoid this warning - for details, see https://docs.pytest.org/en/stable/how-to/mark.html
    pytestmark = pytest.mark.stage(2)

-- Docs: https://docs.pytest.org/en/stable/how-to/capture-warnings.html
1 passed, 1 warning in 2.59s
E-verifier-57: recorded exit 0, re-executed exit 0 -> REPRODUCED
.                                                                        [100%]
============================== warnings summary ===============================
verify\stage-2\test_s2_ui_testids.py:6
  C:\Users\HARIHARAN\Desktop\Band\band-work\result\verify\stage-2\test_s2_ui_testids.py:6: PytestUnknownMarkWarning: Unknown pytest.mark.stage - is this a typo?  You can register custom marks to avoid this warning - for details, see https://docs.pytest.org/en/stable/how-to/mark.html
    pytestmark = pytest.mark.stage(2)

-- Docs: https://docs.pytest.org/en/stable/how-to/capture-warnings.html
1 passed, 1 warning in 1.45s
E-verifier-59: recorded exit 0, re-executed exit 0 -> REPRODUCED
........................................................................ [ 60%]
.................................sss...........                          [100%]
============================== warnings summary ===============================
verify\stage-1\test_s1_auth.py:11
  C:\Users\HARIHARAN\Desktop\Band\band-work\result\verify\stage-1\test_s1_auth.py:11: PytestUnknownMarkWarning: Unknown pytest.mark.stage - is this a typo?  You can register custom marks to avoid this warning - for details, see https://docs.pytest.org/en/stable/how-to/mark.html
    pytestmark = pytest.mark.stage(1)

verify\stage-1\test_s1_delivery.py:8
  C:\Users\HARIHARAN\Desktop\Band\band-work\result\verify\stage-1\test_s1_delivery.py:8: PytestUnknownMarkWarning: Unknown pytest.mark.stage - is this a typo?  You can register custom marks to avoid this warning - for details, see https://docs.pytest.org/en/stable/how-to/mark.html
    pytestmark = pytest.mark.stage(1)

verify\stage-1\test_s1_differential.py:12
  C:\Users\HARIHARAN\Desktop\Band\band-work\result\verify\stage-1\test_s1_differential.py:12: PytestUnknownMarkWarning: Unknown pytest.mark.stage - is this a typo?  You can register custom marks to avoid this warning - for details, see https://docs.pytest.org/en/stable/how-to/mark.html
    pytestmark = pytest.mark.stage(1)

verify\stage-1\test_s1_errors_load.py:11
  C:\Users\HARIHARAN\Desktop\Band\band-work\result\verify\stage-1\test_s1_errors_load.py:11: PytestUnknownMarkWarning: Unknown pytest.mark.stage - is this a typo?  You can register custom marks to avoid this warning - for details, see https://docs.pytest.org/en/stable/how-to/mark.html
    pytestmark = pytest.mark.stage(1)

verify\stage-1\test_s1_export_import.py:9
  C:\Users\HARIHARAN\Desktop\Band\band-work\result\verify\stage-1\test_s1_export_import.py:9: PytestUnknownMarkWarning: Unknown pytest.mark.stage - is this a typo?  You can register custom marks to avoid this warning - for details, see https://docs.pytest.org/en/stable/how-to/mark.html
    pytestmark = pytest.mark.stage(1)

verify\stage-1\test_s1_idempotency.py:8
  C:\Users\HARIHARAN\Desktop\Band\band-work\result\verify\stage-1\test_s1_idempotency.py:8: PytestUnknownMarkWarning: Unknown pytest.mark.stage - is this a typo?  You can register custom marks to avoid this warning - for details, see https://docs.pytest.org/en/stable/how-to/mark.html
    pytestmark = pytest.mark.stage(1)

verify\stage-1\test_s1_invariants.py:10
  C:\Users\HARIHARAN\Desktop\Band\band-work\result\verify\stage-1\test_s1_invariants.py:10: PytestUnknownMarkWarning: Unknown pytest.mark.stage - is this a typo?  You can register custom marks to avoid this warning - for details, see https://docs.pytest.org/en/stable/how-to/mark.html
    pytestmark = pytest.mark.stage(1)

verify\stage-1\test_s1_payments.py:9
  C:\Users\HARIHARAN\Desktop\Band\band-work\result\verify\stage-1\test_s1_payments.py:9: PytestUnknownMarkWarning: Unknown pytest.mark.stage - is this a typo?  You can register custom marks to avoid this warning - for details, see https://docs.pytest.org/en/stable/how-to/mark.html
    pytestmark = pytest.mark.stage(1)

verify\stage-1\test_s1_requests.py:8
  C:\Users\HARIHARAN\Desktop\Band\band-work\result\verify\stage-1\test_s1_requests.py:8: PytestUnknownMarkWarning: Unknown pytest.mark.stage - is this a typo?  You can register custom marks to avoid this warning - for details, see https://docs.pytest.org/en/stable/how-to/mark.html
    pytestmark = pytest.mark.stage(1)

verify\stage-1\test_s1_runtime.py:13
  C:\Users\HARIHARAN\Desktop\Band\band-work\result\verify\stage-1\test_s1_runtime.py:13: PytestUnknownMarkWarning: Unknown pytest.mark.stage - is this a typo?  You can register custom marks to avoid this warning - for details, see https://docs.pytest.org/en/stable/how-to/mark.html
    pytestmark = pytest.mark.stage(1)

verify\stage-1\test_s1_settlements.py:9
  C:\Users\HARIHARAN\Desktop\Band\band-work\result\verify\stage-1\test_s1_settlements.py:9: PytestUnknownMarkWarning: Unknown pytest.mark.stage - is this a typo?  You can register custom marks to avoid this warning - for details, see https://docs.pytest.org/en/stable/how-to/mark.html
    pytestmark = pytest.mark.stage(1)

verify\stage-1\test_s1_spec_edges.py:10
  C:\Users\HARIHARAN\Desktop\Band\band-work\result\verify\stage-1\test_s1_spec_edges.py:10: PytestUnknownMarkWarning: Unknown pytest.mark.stage - is this a typo?  You can register custom marks to avoid this warning - for details, see https://docs.pytest.org/en/stable/how-to/mark.html
    pytestmark = pytest.mark.stage(1)

verify\stage-1\test_s1_splits_activity.py:9
  C:\Users\HARIHARAN\Desktop\Band\band-work\result\verify\stage-1\test_s1_splits_activity.py:9: PytestUnknownMarkWarning: Unknown pytest.mark.stage - is this a typo?  You can register custom marks to avoid this warning - for details, see https://docs.pytest.org/en/stable/how-to/mark.html
    pytestmark = pytest.mark.stage(1)

verify\stage-2\test_s2_authorization_spec.py:11
  C:\Users\HARIHARAN\Desktop\Band\band-work\result\verify\stage-2\test_s2_authorization_spec.py:11: PytestUnknownMarkWarning: Unknown pytest.mark.stage - is this a typo?  You can register custom marks to avoid this warning - for details, see https://docs.pytest.org/en/stable/how-to/mark.html
    pytestmark = pytest.mark.stage(2)

verify\stage-2\test_s2_concurrent_auth.py:9
  C:\Users\HARIHARAN\Desktop\Band\band-work\result\verify\stage-2\test_s2_concurrent_auth.py:9: PytestUnknownMarkWarning: Unknown pytest.mark.stage - is this a typo?  You can register custom marks to avoid this warning - for details, see https://docs.pytest.org/en/stable/how-to/mark.html
    pytestmark = pytest.mark.stage(2)

verify\stage-2\test_s2_delivery.py:8
  C:\Users\HARIHARAN\Desktop\Band\band-work\result\verify\stage-2\test_s2_delivery.py:8: PytestUnknownMarkWarning: Unknown pytest.mark.stage - is this a typo?  You can register custom marks to avoid this warning - for details, see https://docs.pytest.org/en/stable/how-to/mark.html
    pytestmark = pytest.mark.stage(2)

verify\stage-2\test_s2_differential.py:11
  C:\Users\HARIHARAN\Desktop\Band\band-work\result\verify\stage-2\test_s2_differential.py:11: PytestUnknownMarkWarning: Unknown pytest.mark.stage - is this a typo?  You can register custom marks to avoid this warning - for details, see https://docs.pytest.org/en/stable/how-to/mark.html
    pytestmark = pytest.mark.stage(2)

verify\stage-2\test_s2_regression_stage1.py:8
  C:\Users\HARIHARAN\Desktop\Band\band-work\result\verify\stage-2\test_s2_regression_stage1.py:8: PytestUnknownMarkWarning: Unknown pytest.mark.stage - is this a typo?  You can register custom marks to avoid this warning - for details, see https://docs.pytest.org/en/stable/how-to/mark.html
    pytestmark = pytest.mark.stage(2)

verify\stage-2\test_s2_routes_negotiation.py:6
  C:\Users\HARIHARAN\Desktop\Band\band-work\result\verify\stage-2\test_s2_routes_negotiation.py:6: PytestUnknownMarkWarning: Unknown pytest.mark.stage - is this a typo?  You can register custom marks to avoid this warning - for details, see https://docs.pytest.org/en/stable/how-to/mark.html
    pytestmark = pytest.mark.stage(2)

verify\stage-2\test_s2_ui_flows.py:8
  C:\Users\HARIHARAN\Desktop\Band\band-work\result\verify\stage-2\test_s2_ui_flows.py:8: PytestUnknownMarkWarning: Unknown pytest.mark.stage - is this a typo?  You can register custom marks to avoid this warning - for details, see https://docs.pytest.org/en/stable/how-to/mark.html
    pytestmark = pytest.mark.stage(2)

verify\stage-2\test_s2_ui_testids.py:6
  C:\Users\HARIHARAN\Desktop\Band\band-work\result\verify\stage-2\test_s2_ui_testids.py:6: PytestUnknownMarkWarning: Unknown pytest.mark.stage - is this a typo?  You can register custom marks to avoid this warning - for details, see https://docs.pytest.org/en/stable/how-to/mark.html
    pytestmark = pytest.mark.stage(2)

verify\stage-2\test_s2_wallet_authorizations.py:8
  C:\Users\HARIHARAN\Desktop\Band\band-work\result\verify\stage-2\test_s2_wallet_authorizations.py:8: PytestUnknownMarkWarning: Unknown pytest.mark.stage - is this a typo?  You can register custom marks to avoid this warning - for details, see https://docs.pytest.org/en/stable/how-to/mark.html
    pytestmark = pytest.mark.stage(2)

-- Docs: https://docs.pytest.org/en/stable/how-to/capture-warnings.html
116 passed, 3 skipped, 22 warnings in 468.62s (0:07:48)
E-verifier-60: recorded exit 0, re-executed exit 0 -> REPRODUCED
........................................................................ [100%]
72 passed in 94.48s (0:01:34)
uireviewer stage 2: PASS (exit 0)
E-uireviewer-6: recorded exit 0, re-executed exit 0 -> REPRODUCED
.                                                                        [100%]
============================== warnings summary ===============================
verify\stage-2\test_s2_ui_flows.py:8
  C:\Users\HARIHARAN\Desktop\Band\band-work\result\verify\stage-2\test_s2_ui_flows.py:8: PytestUnknownMarkWarning: Unknown pytest.mark.stage - is this a typo?  You can register custom marks to avoid this warning - for details, see https://docs.pytest.org/en/stable/how-to/mark.html
    pytestmark = pytest.mark.stage(2)

-- Docs: https://docs.pytest.org/en/stable/how-to/capture-warnings.html
1 passed, 1 warning in 1.65s
E-uireviewer-7: recorded exit 0, re-executed exit 0 -> REPRODUCED
........................................................................ [100%]
72 passed in 91.40s (0:01:31)
uireviewer stage 2: PASS (exit 0)
E-uireviewer-8: recorded exit 0, re-executed exit 0 -> REPRODUCED
.                                                                        [100%]
============================== warnings summary ===============================
verify\stage-2\test_s2_ui_flows.py:8
  C:\Users\HARIHARAN\Desktop\Band\band-work\result\verify\stage-2\test_s2_ui_flows.py:8: PytestUnknownMarkWarning: Unknown pytest.mark.stage - is this a typo?  You can register custom marks to avoid this warning - for details, see https://docs.pytest.org/en/stable/how-to/mark.html
    pytestmark = pytest.mark.stage(2)

-- Docs: https://docs.pytest.org/en/stable/how-to/capture-warnings.html
1 passed, 1 warning in 1.44s
E-uireviewer-9: recorded exit 0, re-executed exit 0 -> REPRODUCED
........................................................................ [100%]
72 passed in 94.20s (0:01:34)
uireviewer stage 2: PASS (exit 0)
E-uireviewer-10: recorded exit 0, re-executed exit 0 -> REPRODUCED
.                                                                        [100%]
============================== warnings summary ===============================
verify\stage-2\test_s2_ui_flows.py:8
  C:\Users\HARIHARAN\Desktop\Band\band-work\result\verify\stage-2\test_s2_ui_flows.py:8: PytestUnknownMarkWarning: Unknown pytest.mark.stage - is this a typo?  You can register custom marks to avoid this warning - for details, see https://docs.pytest.org/en/stable/how-to/mark.html
    pytestmark = pytest.mark.stage(2)

-- Docs: https://docs.pytest.org/en/stable/how-to/capture-warnings.html
1 passed, 1 warning in 1.23s
E-uireviewer-11: recorded exit 0, re-executed exit 0 -> REPRODUCED
....................                                                     [100%]
20 passed in 75.35s (0:01:15)
E-breaker-21: recorded exit 0, re-executed exit 0 -> REPRODUCED
....                                                                     [100%]
4 passed in 10.24s
E-breaker-22: recorded exit 0, re-executed exit 0 -> REPRODUCED
...                                                                      [100%]
3 passed in 6.81s
E-breaker-23: recorded exit 0, re-executed exit 0 -> REPRODUCED
......                                                                   [100%]
6 passed in 17.00s
E-breaker-24: recorded exit 0, re-executed exit 0 -> REPRODUCED
.....................                                                    [100%]
21 passed in 90.57s (0:01:30)
E-breaker-25: recorded exit 0, re-executed exit 0 -> REPRODUCED
..........                                                               [100%]
10 passed in 31.21s
E-breaker-27: recorded exit 0, re-executed exit 0 -> REPRODUCED

exit 0
