$ python scripts/lever.py mutate --stage 1 --rev 1125eee49810 --mutant mutants/stage-1/m02_skip_insufficient.patch --suites verifier,breaker
.......................F............F................................... [ 92%]
......                                                                   [100%]
================================== FAILURES ===================================
_______________ test_s1_c26_non_negative_under_competing_debits _______________

reset = <function reset.<locals>._reset at 0x000001ABD42FCD60>
base_url = 'http://127.0.0.1:58982'
balance = <function balance.<locals>._balance at 0x000001ABD42FDBC0>

    def test_s1_c26_non_negative_under_competing_debits(reset, base_url, balance):
        reset(fx.fixture(users=[fx.user("ada", 500), fx.user("bob", 0), fx.user("cy", 0)]))
        ada = Api(base_url).authenticate("ada@example.com", "correct horse")
        try:
            out = burst(
                lambda i: ada.post(
                    "/payments",
                    json={"to_handle": "bob" if i % 2 == 0 else "cy", "amount": 300},
                    idempotency_key=new_key(),
                ),
                20,
            )
            no_5xx(out)
>           assert balance(ada) >= 0
E           assert -5500 >= 0
E            +  where -5500 = <function balance.<locals>._balance at 0x000001ABD42FDBC0>(<lib.http.Api object at 0x000001ABD2FC7CB0>)

..\..\..\..\AppData\Local\Temp\umbra-1125eee4-eqqywxze\repo\verify\stage-1\test_s1_invariants.py:40: AssertionError
_______________________ test_s1_c12_payment_error_cases _______________________

world = namespace(fixture={'currency': 'EUR', 'minor_units': 2, 'users': [{'id': 'u_ada', 'email': 'ada@example.com', 'passwor...t 0x000001ABD436F4D0>, bob=<lib.http.Api object at 0x000001ABD2FF0110>, cy=<lib.http.Api object at 0x000001ABD434DCD0>)
pay = <function pay.<locals>._pay at 0x000001ABD432DF80>
balance = <function balance.<locals>._balance at 0x000001ABD432E660>

    def test_s1_c12_payment_error_cases(world, pay, balance):
        assert_error(pay(to_handle="ada"), 422, "self_payment")
        assert_error(pay(to_handle="missing_handle_xyz"), 404, "not_found")
>       assert_error(pay(world.cy, to_handle="bob", amount=balance(world.cy) + 1), 409, "insufficient_funds")

..\..\..\..\AppData\Local\Temp\umbra-1125eee4-eqqywxze\repo\verify\stage-1\test_s1_payments.py:54: 
_ _ _ _ _ _ _ _ _ _ _ _ _ _ _ _ _ _ _ _ _ _ _ _ _ _ _ _ _ _ _ _ _ _ _ _ _ _ _ _

resp = <Response [201 Created]>, status = 409, code = 'insufficient_funds'

    def assert_error(resp: httpx.Response, status: int, code: str) -> httpx.Response:
        actual = error_code(resp) if 400 <= resp.status_code < 600 else None
>       assert resp.status_code == status and actual == code, (
               ^^^^^^^^^^^^^^^^^^^^^^^^^^^^^^^^^^^^^^^^^^^^^
            f"expected {status} {code}, got {resp.status_code} {actual}. {_describe(resp)}"
        )
E       AssertionError: expected 409 insufficient_funds, got 201 None. POST /payments -> 201 '{"payment_id":"p_4541194fa409119b0791a340c19ae200","from_user_id":"u_cy","from_handle":"cy","to_user_id":"u_bob","to_handle":"bob","amount":501,"currency":"EUR","note":"","visibility":"public","request_id":null,"created_at":"2026-10-03T15:02:12+00:00"}'

C:\Users\HARIHA~1\AppData\Local\Temp\umbra-1125eee4-eqqywxze\repo\verify\stage-1\lib\http.py:114: AssertionError
============================== warnings summary ===============================
..\..\..\..\AppData\Local\Temp\umbra-1125eee4-eqqywxze\repo\verify\stage-1\test_s1_auth.py:11
  C:\Users\HARIHARAN\AppData\Local\Temp\umbra-1125eee4-eqqywxze\repo\verify\stage-1\test_s1_auth.py:11: PytestUnknownMarkWarning: Unknown pytest.mark.stage - is this a typo?  You can register custom marks to avoid this warning - for details, see https://docs.pytest.org/en/stable/how-to/mark.html
    pytestmark = pytest.mark.stage(1)

..\..\..\..\AppData\Local\Temp\umbra-1125eee4-eqqywxze\repo\verify\stage-1\test_s1_delivery.py:8
  C:\Users\HARIHARAN\AppData\Local\Temp\umbra-1125eee4-eqqywxze\repo\verify\stage-1\test_s1_delivery.py:8: PytestUnknownMarkWarning: Unknown pytest.mark.stage - is this a typo?  You can register custom marks to avoid this warning - for details, see https://docs.pytest.org/en/stable/how-to/mark.html
    pytestmark = pytest.mark.stage(1)

..\..\..\..\AppData\Local\Temp\umbra-1125eee4-eqqywxze\repo\verify\stage-1\test_s1_differential.py:12
  C:\Users\HARIHARAN\AppData\Local\Temp\umbra-1125eee4-eqqywxze\repo\verify\stage-1\test_s1_differential.py:12: PytestUnknownMarkWarning: Unknown pytest.mark.stage - is this a typo?  You can register custom marks to avoid this warning - for details, see https://docs.pytest.org/en/stable/how-to/mark.html
    pytestmark = pytest.mark.stage(1)

..\..\..\..\AppData\Local\Temp\umbra-1125eee4-eqqywxze\repo\verify\stage-1\test_s1_errors_load.py:11
  C:\Users\HARIHARAN\AppData\Local\Temp\umbra-1125eee4-eqqywxze\repo\verify\stage-1\test_s1_errors_load.py:11: PytestUnknownMarkWarning: Unknown pytest.mark.stage - is this a typo?  You can register custom marks to avoid this warning - for details, see https://docs.pytest.org/en/stable/how-to/mark.html
    pytestmark = pytest.mark.stage(1)

..\..\..\..\AppData\Local\Temp\umbra-1125eee4-eqqywxze\repo\verify\stage-1\test_s1_export_import.py:9
  C:\Users\HARIHARAN\AppData\Local\Temp\umbra-1125eee4-eqqywxze\repo\verify\stage-1\test_s1_export_import.py:9: PytestUnknownMarkWarning: Unknown pytest.mark.stage - is this a typo?  You can register custom marks to avoid this warning - for details, see https://docs.pytest.org/en/stable/how-to/mark.html
    pytestmark = pytest.mark.stage(1)

..\..\..\..\AppData\Local\Temp\umbra-1125eee4-eqqywxze\repo\verify\stage-1\test_s1_idempotency.py:8
  C:\Users\HARIHARAN\AppData\Local\Temp\umbra-1125eee4-eqqywxze\repo\verify\stage-1\test_s1_idempotency.py:8: PytestUnknownMarkWarning: Unknown pytest.mark.stage - is this a typo?  You can register custom marks to avoid this warning - for details, see https://docs.pytest.org/en/stable/how-to/mark.html
    pytestmark = pytest.mark.stage(1)

..\..\..\..\AppData\Local\Temp\umbra-1125eee4-eqqywxze\repo\verify\stage-1\test_s1_invariants.py:10
  C:\Users\HARIHARAN\AppData\Local\Temp\umbra-1125eee4-eqqywxze\repo\verify\stage-1\test_s1_invariants.py:10: PytestUnknownMarkWarning: Unknown pytest.mark.stage - is this a typo?  You can register custom marks to avoid this warning - for details, see https://docs.pytest.org/en/stable/how-to/mark.html
    pytestmark = pytest.mark.stage(1)

..\..\..\..\AppData\Local\Temp\umbra-1125eee4-eqqywxze\repo\verify\stage-1\test_s1_payments.py:9
  C:\Users\HARIHARAN\AppData\Local\Temp\umbra-1125eee4-eqqywxze\repo\verify\stage-1\test_s1_payments.py:9: PytestUnknownMarkWarning: Unknown pytest.mark.stage - is this a typo?  You can register custom marks to avoid this warning - for details, see https://docs.pytest.org/en/stable/how-to/mark.html
    pytestmark = pytest.mark.stage(1)

..\..\..\..\AppData\Local\Temp\umbra-1125eee4-eqqywxze\repo\verify\stage-1\test_s1_requests.py:8
  C:\Users\HARIHARAN\AppData\Local\Temp\umbra-1125eee4-eqqywxze\repo\verify\stage-1\test_s1_requests.py:8: PytestUnknownMarkWarning: Unknown pytest.mark.stage - is this a typo?  You can register custom marks to avoid this warning - for details, see https://docs.pytest.org/en/stable/how-to/mark.html
    pytestmark = pytest.mark.stage(1)

..\..\..\..\AppData\Local\Temp\umbra-1125eee4-eqqywxze\repo\verify\stage-1\test_s1_runtime.py:13
  C:\Users\HARIHARAN\AppData\Local\Temp\umbra-1125eee4-eqqywxze\repo\verify\stage-1\test_s1_runtime.py:13: PytestUnknownMarkWarning: Unknown pytest.mark.stage - is this a typo?  You can register custom marks to avoid this warning - for details, see https://docs.pytest.org/en/stable/how-to/mark.html
    pytestmark = pytest.mark.stage(1)

..\..\..\..\AppData\Local\Temp\umbra-1125eee4-eqqywxze\repo\verify\stage-1\test_s1_settlements.py:9
  C:\Users\HARIHARAN\AppData\Local\Temp\umbra-1125eee4-eqqywxze\repo\verify\stage-1\test_s1_settlements.py:9: PytestUnknownMarkWarning: Unknown pytest.mark.stage - is this a typo?  You can register custom marks to avoid this warning - for details, see https://docs.pytest.org/en/stable/how-to/mark.html
    pytestmark = pytest.mark.stage(1)

..\..\..\..\AppData\Local\Temp\umbra-1125eee4-eqqywxze\repo\verify\stage-1\test_s1_spec_edges.py:10
  C:\Users\HARIHARAN\AppData\Local\Temp\umbra-1125eee4-eqqywxze\repo\verify\stage-1\test_s1_spec_edges.py:10: PytestUnknownMarkWarning: Unknown pytest.mark.stage - is this a typo?  You can register custom marks to avoid this warning - for details, see https://docs.pytest.org/en/stable/how-to/mark.html
    pytestmark = pytest.mark.stage(1)

..\..\..\..\AppData\Local\Temp\umbra-1125eee4-eqqywxze\repo\verify\stage-1\test_s1_splits_activity.py:9
  C:\Users\HARIHARAN\AppData\Local\Temp\umbra-1125eee4-eqqywxze\repo\verify\stage-1\test_s1_splits_activity.py:9: PytestUnknownMarkWarning: Unknown pytest.mark.stage - is this a typo?  You can register custom marks to avoid this warning - for details, see https://docs.pytest.org/en/stable/how-to/mark.html
    pytestmark = pytest.mark.stage(1)

-- Docs: https://docs.pytest.org/en/stable/how-to/capture-warnings.html
=========================== short test summary info ===========================
FAILED ..\..\..\..\AppData\Local\Temp\umbra-1125eee4-eqqywxze\repo\verify\stage-1\test_s1_invariants.py::test_s1_c26_non_negative_under_competing_debits
FAILED ..\..\..\..\AppData\Local\Temp\umbra-1125eee4-eqqywxze\repo\verify\stage-1\test_s1_payments.py::test_s1_c12_payment_error_cases
2 failed, 76 passed, 13 warnings in 307.16s (0:05:07)
FF...................................F.................................. [ 83%]
..............                                                           [100%]
================================== FAILURES ===================================
_______________ test_exact_balance_can_be_drained_exactly_once ________________

boot = <function boot.<locals>._boot at 0x00000188D1597E20>

    def test_exact_balance_can_be_drained_exactly_once(boot):
        w = boot(fixture(users=[user("ada", 1000), user("bob", 0)]), handles=("ada", "bob"))
        assert_status(_pay(w.ada, 1000), 201)
        assert w.ada.balance() == 0
        assert w.bob.balance() == 1000
        r = _pay(w.ada, 1)
>       assert_error(r, 409, "insufficient_funds")

..\..\..\..\AppData\Local\Temp\umbra-1125eee4-eqqywxze\repo\attacks\stage-1\test_balance.py:34: 
_ _ _ _ _ _ _ _ _ _ _ _ _ _ _ _ _ _ _ _ _ _ _ _ _ _ _ _ _ _ _ _ _ _ _ _ _ _ _ _

resp = <Response [201 Created]>, status = 409, code = 'insufficient_funds'

    def assert_error(resp: httpx.Response, status: int, code: str) -> httpx.Response:
        actual = error_code(resp) if 400 <= resp.status_code < 600 else None
>       assert resp.status_code == status and actual == code, (
               ^^^^^^^^^^^^^^^^^^^^^^^^^^^^^^^^^^^^^^^^^^^^^
            f"expected {status} {code}, got {resp.status_code} {actual}. {describe(resp)}")
E       AssertionError: expected 409 insufficient_funds, got 201 None. POST /payments -> 201 '{"payment_id":"p_f8de76c7682aa34e86818a087925ae46","from_user_id":"u_ada","from_handle":"ada","to_user_id":"u_bob","to_handle":"bob","amount":1,"currency":"EUR","note":"","visibility":"public","request_id":null,"created_at":"2026-10-03T15:04:08+00:00"}'

..\..\..\..\AppData\Local\Temp\umbra-1125eee4-eqqywxze\repo\attacks\stage-1\attacklib.py:105: AssertionError
_________________ test_failed_payment_leaves_no_trace_in_feed _________________

world = namespace(fixture={'currency': 'EUR', 'minor_units': 2, 'users': [{'id': 'u_ada', 'email': 'ada@example.com', 'passwor...88D18DF7D0>, <attacklib.Client object at 0x00000188D18DE870>], api=<function api.<locals>._make at 0x00000188D1901300>)

    def test_failed_payment_leaves_no_trace_in_feed(world):
        before = len(world.ada.get("/activity").json()["payments"])
        r = _pay(world.ada, 10_000_000)
>       assert_error(r, 409, "insufficient_funds")

..\..\..\..\AppData\Local\Temp\umbra-1125eee4-eqqywxze\repo\attacks\stage-1\test_balance.py:42: 
_ _ _ _ _ _ _ _ _ _ _ _ _ _ _ _ _ _ _ _ _ _ _ _ _ _ _ _ _ _ _ _ _ _ _ _ _ _ _ _

resp = <Response [201 Created]>, status = 409, code = 'insufficient_funds'

    def assert_error(resp: httpx.Response, status: int, code: str) -> httpx.Response:
        actual = error_code(resp) if 400 <= resp.status_code < 600 else None
>       assert resp.status_code == status and actual == code, (
               ^^^^^^^^^^^^^^^^^^^^^^^^^^^^^^^^^^^^^^^^^^^^^
            f"expected {status} {code}, got {resp.status_code} {actual}. {describe(resp)}")
E       AssertionError: expected 409 insufficient_funds, got 201 None. POST /payments -> 201 '{"payment_id":"p_e4e175e7285e50df0a5e692986ae4a34","from_user_id":"u_ada","from_handle":"ada","to_user_id":"u_bob","to_handle":"bob","amount":10000000,"currency":"EUR","note":"","visibility":"public","request_id":null,"created_at":"2026-10-03T15:04:11+00:00"}'

..\..\..\..\AppData\Local\Temp\umbra-1125eee4-eqqywxze\repo\attacks\stage-1\attacklib.py:105: AssertionError
__________________ test_concurrent_payments_never_overspend ___________________

boot = <function boot.<locals>._boot at 0x00000188D1948220>
api = <function api.<locals>._make at 0x00000188D1949800>

    def test_concurrent_payments_never_overspend(boot, api):
        """1000 available, 50 simultaneous payments of 100: exactly 10 may succeed."""
        w = boot(fixture(users=[user("ada", 1000), user("bob", 0)]), handles=("ada", "bob"))
    
        def one(i):
            c = api(token=w.ada.token)
            return c.post(PAY, json={"to_handle": "bob", "amount": 100},
                          headers={"Idempotency-Key": new_key()})
    
        results = race(one, 50)
        for r in results:
            assert_no_5xx(r)
        codes = [r.status_code for r in results]
>       assert codes.count(201) == 10, f"expected 10 winners, got {codes}"
E       AssertionError: expected 10 winners, got [201, 201, 201, 201, 201, 201, 201, 201, 201, 201, 201, 201, 201, 201, 201, 201, 201, 201, 201, 201, 201, 201, 201, 201, 201, 201, 201, 201, 201, 201, 201, 201, 201, 201, 201, 201, 201, 201, 201, 201, 201, 201, 201, 201, 201, 201, 201, 201, 201, 201]
E       assert 50 == 10
E        +  where 50 = <built-in method count of list object at 0x00000188D15B4E00>(201)
E        +    where <built-in method count of list object at 0x00000188D15B4E00> = [201, 201, 201, 201, 201, 201, ...].count

..\..\..\..\AppData\Local\Temp\umbra-1125eee4-eqqywxze\repo\attacks\stage-1\test_concurrency.py:36: AssertionError
=========================== short test summary info ===========================
FAILED ..\..\..\..\AppData\Local\Temp\umbra-1125eee4-eqqywxze\repo\attacks\stage-1\test_balance.py::test_exact_balance_can_be_drained_exactly_once
FAILED ..\..\..\..\AppData\Local\Temp\umbra-1125eee4-eqqywxze\repo\attacks\stage-1\test_balance.py::test_failed_payment_leaves_no_trace_in_feed
FAILED ..\..\..\..\AppData\Local\Temp\umbra-1125eee4-eqqywxze\repo\attacks\stage-1\test_concurrency.py::test_concurrent_payments_never_overspend
3 failed, 83 passed in 354.35s (0:05:54)
MUTANT m02_skip_insufficient.patch: killed verifier,breaker
mutation score 1/1 (invalid 0)

timed out after 600s
exit 124
