$ set BASE_URL=http://127.0.0.1:58920 && C:\Users\HARIHARAN\Desktop\Band\dark-factory-wearedevs\.venv\Scripts\python.exe -m pytest -q -p no:cacheprovider attacks/stage-2/test_ui_race.py::test_authorizations_page_shows_available_headline_and_permitted_controls & C:\Users\HARIHARAN\Desktop\Band\dark-factory-wearedevs\.venv\Scripts\python.exe -m pytest -q -p no:cacheprovider attacks/stage-2/test_ui_race.py::test_authorizations_page_shows_available_headline_and_permitted_controls
F                                                                        [100%]
================================== FAILURES ===================================
__ test_authorizations_page_shows_available_headline_and_permitted_controls ___

    def test_authorizations_page_shows_available_headline_and_permitted_controls():
        async def main(page):
            await reset_fixture(fixture2(authorizations=[
                authz("a_seed", "u_ada", "u_bob", 2_000, expires_at=future_iso(7200))]))
            await sign_in(page, "ada", goto="/authorizations")
    
            await wait_amount(page, "wallet-available", "98000")
            await wait_amount(page, "wallet-balance", "100000")
            await wait_amount(page, "wallet-held", "2000")
            for tid in ("authorize-handle", "authorize-amount", "authorize-note",
                        "authorize-visibility", "authorize-submit"):
                assert await page.get_by_test_id(tid).count() >= 1, f"missing {tid}"
    
            item = page.get_by_test_id("authorization-item-a_seed")
            await item.wait_for(timeout=8_000)
            assert await item.get_attribute("data-status") == "open"
            assert await page.get_by_test_id("authorization-void-a_seed").count() == 1, \
                "the payer must see a void control on an open outgoing authorization"
            assert await page.get_by_test_id("authorization-capture-a_seed").count() == 0, \
                "the payer must not see a capture control"
    
            # creating a hold through the UI updates the headline
            await page.get_by_test_id("authorize-handle").fill("bob")
            await page.get_by_test_id("authorize-amount").fill("5.00")
            await page.get_by_test_id("authorize-submit").click()
            await wait_amount(page, "wallet-held", "2500")
            assert await page.get_by_test_id("authorization-error").count() == 0
    
>       asyncio.run(with_page(main))

attacks\stage-2\test_ui_race.py:243: 
_ _ _ _ _ _ _ _ _ _ _ _ _ _ _ _ _ _ _ _ _ _ _ _ _ _ _ _ _ _ _ _ _ _ _ _ _ _ _ _
..\..\..\..\AppData\Local\Programs\Python\Python312\Lib\asyncio\runners.py:195: in run
    return runner.run(main)
           ^^^^^^^^^^^^^^^^
..\..\..\..\AppData\Local\Programs\Python\Python312\Lib\asyncio\runners.py:118: in run
    return self._loop.run_until_complete(task)
           ^^^^^^^^^^^^^^^^^^^^^^^^^^^^^^^^^^^
..\..\..\..\AppData\Local\Programs\Python\Python312\Lib\asyncio\base_events.py:691: in run_until_complete
    return future.result()
           ^^^^^^^^^^^^^^^
attacks\stage-2\uilab.py:24: in with_page
    return await fn(page)
           ^^^^^^^^^^^^^^
attacks\stage-2\test_ui_race.py:219: in main
    await sign_in(page, "ada", goto="/authorizations")
attacks\stage-2\uilab.py:31: in sign_in
    await page.goto(f"{BASE_URL}/login")
..\..\dark-factory-wearedevs\.venv\Lib\site-packages\playwright\async_api\_generated.py:9901: in goto
    await self._impl_obj.goto(
..\..\dark-factory-wearedevs\.venv\Lib\site-packages\playwright\_impl\_page.py:562: in goto
    return await self._main_frame.goto(**locals_to_params(locals()))
           ^^^^^^^^^^^^^^^^^^^^^^^^^^^^^^^^^^^^^^^^^^^^^^^^^^^^^^^^^
..\..\dark-factory-wearedevs\.venv\Lib\site-packages\playwright\_impl\_frame.py:157: in goto
    await self._channel.send(
..\..\dark-factory-wearedevs\.venv\Lib\site-packages\playwright\_impl\_connection.py:76: in send
    return await self._connection.wrap_api_call(
_ _ _ _ _ _ _ _ _ _ _ _ _ _ _ _ _ _ _ _ _ _ _ _ _ _ _ _ _ _ _ _ _ _ _ _ _ _ _ _

self = <playwright._impl._connection.Connection object at 0x00000187D2216B40>
cb = <function Channel.send.<locals>.<lambda> at 0x00000187D2571080>
is_internal = False, title = None

    async def wrap_api_call(
        self, cb: Callable[[], Any], is_internal: bool = False, title: str = None
    ) -> Any:
        if self._api_zone.get():
            return await cb()
        task = asyncio.current_task(self._loop)
        parsed_st = _attach_api_call_information(
            getattr(task, "__pw_stack__", None) or _capture_stack_trace(),
            is_internal,
            title,
        )
        self._api_zone.set(parsed_st)
        try:
            return await cb()
        except Exception as error:
>           raise rewrite_error(error, f"{parsed_st['apiName']}: {error}") from None
E           playwright._impl._errors.Error: Page.goto: Protocol error (Page.navigate): Cannot navigate to invalid URL
E           Call log:
E             - navigating to "http://127.0.0.1:58920 /login", waiting until "load"

..\..\dark-factory-wearedevs\.venv\Lib\site-packages\playwright\_impl\_connection.py:632: Error
=========================== short test summary info ===========================
FAILED attacks/stage-2/test_ui_race.py::test_authorizations_page_shows_available_headline_and_permitted_controls
1 failed in 2.55s
F                                                                        [100%]
================================== FAILURES ===================================
__ test_authorizations_page_shows_available_headline_and_permitted_controls ___

    def test_authorizations_page_shows_available_headline_and_permitted_controls():
        async def main(page):
            await reset_fixture(fixture2(authorizations=[
                authz("a_seed", "u_ada", "u_bob", 2_000, expires_at=future_iso(7200))]))
            await sign_in(page, "ada", goto="/authorizations")
    
            await wait_amount(page, "wallet-available", "98000")
            await wait_amount(page, "wallet-balance", "100000")
            await wait_amount(page, "wallet-held", "2000")
            for tid in ("authorize-handle", "authorize-amount", "authorize-note",
                        "authorize-visibility", "authorize-submit"):
                assert await page.get_by_test_id(tid).count() >= 1, f"missing {tid}"
    
            item = page.get_by_test_id("authorization-item-a_seed")
            await item.wait_for(timeout=8_000)
            assert await item.get_attribute("data-status") == "open"
            assert await page.get_by_test_id("authorization-void-a_seed").count() == 1, \
                "the payer must see a void control on an open outgoing authorization"
            assert await page.get_by_test_id("authorization-capture-a_seed").count() == 0, \
                "the payer must not see a capture control"
    
            # creating a hold through the UI updates the headline
            await page.get_by_test_id("authorize-handle").fill("bob")
            await page.get_by_test_id("authorize-amount").fill("5.00")
            await page.get_by_test_id("authorize-submit").click()
            await wait_amount(page, "wallet-held", "2500")
            assert await page.get_by_test_id("authorization-error").count() == 0
    
>       asyncio.run(with_page(main))

attacks\stage-2\test_ui_race.py:243: 
_ _ _ _ _ _ _ _ _ _ _ _ _ _ _ _ _ _ _ _ _ _ _ _ _ _ _ _ _ _ _ _ _ _ _ _ _ _ _ _
..\..\..\..\AppData\Local\Programs\Python\Python312\Lib\asyncio\runners.py:195: in run
    return runner.run(main)
           ^^^^^^^^^^^^^^^^
..\..\..\..\AppData\Local\Programs\Python\Python312\Lib\asyncio\runners.py:118: in run
    return self._loop.run_until_complete(task)
           ^^^^^^^^^^^^^^^^^^^^^^^^^^^^^^^^^^^
..\..\..\..\AppData\Local\Programs\Python\Python312\Lib\asyncio\base_events.py:691: in run_until_complete
    return future.result()
           ^^^^^^^^^^^^^^^
attacks\stage-2\uilab.py:24: in with_page
    return await fn(page)
           ^^^^^^^^^^^^^^
attacks\stage-2\test_ui_race.py:219: in main
    await sign_in(page, "ada", goto="/authorizations")
attacks\stage-2\uilab.py:31: in sign_in
    await page.goto(f"{BASE_URL}/login")
..\..\dark-factory-wearedevs\.venv\Lib\site-packages\playwright\async_api\_generated.py:9901: in goto
    await self._impl_obj.goto(
..\..\dark-factory-wearedevs\.venv\Lib\site-packages\playwright\_impl\_page.py:562: in goto
    return await self._main_frame.goto(**locals_to_params(locals()))
           ^^^^^^^^^^^^^^^^^^^^^^^^^^^^^^^^^^^^^^^^^^^^^^^^^^^^^^^^^
..\..\dark-factory-wearedevs\.venv\Lib\site-packages\playwright\_impl\_frame.py:157: in goto
    await self._channel.send(
..\..\dark-factory-wearedevs\.venv\Lib\site-packages\playwright\_impl\_connection.py:76: in send
    return await self._connection.wrap_api_call(
_ _ _ _ _ _ _ _ _ _ _ _ _ _ _ _ _ _ _ _ _ _ _ _ _ _ _ _ _ _ _ _ _ _ _ _ _ _ _ _

self = <playwright._impl._connection.Connection object at 0x000001BE50716C60>
cb = <function Channel.send.<locals>.<lambda> at 0x000001BE50A9CFE0>
is_internal = False, title = None

    async def wrap_api_call(
        self, cb: Callable[[], Any], is_internal: bool = False, title: str = None
    ) -> Any:
        if self._api_zone.get():
            return await cb()
        task = asyncio.current_task(self._loop)
        parsed_st = _attach_api_call_information(
            getattr(task, "__pw_stack__", None) or _capture_stack_trace(),
            is_internal,
            title,
        )
        self._api_zone.set(parsed_st)
        try:
            return await cb()
        except Exception as error:
>           raise rewrite_error(error, f"{parsed_st['apiName']}: {error}") from None
E           playwright._impl._errors.Error: Page.goto: Protocol error (Page.navigate): Cannot navigate to invalid URL
E           Call log:
E             - navigating to "http://127.0.0.1:58920 /login", waiting until "load"

..\..\dark-factory-wearedevs\.venv\Lib\site-packages\playwright\_impl\_connection.py:632: Error
=========================== short test summary info ===========================
FAILED attacks/stage-2/test_ui_race.py::test_authorizations_page_shows_available_headline_and_permitted_controls
1 failed in 5.65s

exit 1
