$ set BASE_URL=http://127.0.0.1:58920 && C:\Users\HARIHARAN\Desktop\Band\dark-factory-wearedevs\.venv\Scripts\python.exe -m pytest -q -p no:cacheprovider attacks/stage-2/test_capture.py::test_capture_invalid_amount_is_422 attacks/stage-2/test_capture.py::test_capture_invalid_amount_is_422
F                                                                        [100%]
================================== FAILURES ===================================
_____________________ test_capture_invalid_amount_is_422 ______________________

world = namespace(fixture={'currency': 'EUR', 'minor_units': 2, 'users': [{'id': 'u_ada', 'email': 'ada@example.com', 'passwor...C9AE2870>, <attacklib2.AuthClient object at 0x000002D8C9AE3770>, <attacklib2.AuthClient object at 0x000002D8C9AE3A70>])

    def test_capture_invalid_amount_is_422(world):
        aid = open_authz(world, amount=2_000)
        for amount in (0, -1, 1.5, "100"):
            resp = world.bob.post(f"/authorizations/{aid}/capture",
                                  json={"amount": amount},
                                  headers={"Idempotency-Key": new_key()})
>           assert_error(resp, 422, "validation_failed")

attacks\stage-2\test_capture.py:111: 
_ _ _ _ _ _ _ _ _ _ _ _ _ _ _ _ _ _ _ _ _ _ _ _ _ _ _ _ _ _ _ _ _ _ _ _ _ _ _ _

resp = <Response [201 Created]>, status = 422, code = 'validation_failed'

    def assert_error(resp: httpx.Response, status: int, code: str) -> httpx.Response:
        actual = error_code(resp) if 400 <= resp.status_code < 600 else None
>       assert resp.status_code == status and actual == code, (
               ^^^^^^^^^^^^^^^^^^^^^^^^^^^^^^^^^^^^^^^^^^^^^
            f"expected {status} {code}, got {resp.status_code} {actual}. {describe(resp)}")
E       AssertionError: expected 422 validation_failed, got 201 None. POST /authorizations/a_20a382771ae7a85cd246719b88de87a1/capture -> 201 '{"payment_id":"p_7722635f94eef8f5b386f30bf1857221","from_user_id":"u_ada","from_handle":"ada","to_user_id":"u_bob","to_handle":"bob","amount":2000,"currency":"EUR","note":"","visibility":"public","request_id":null,"authorization_id":"a_20a382771ae7a85cd246719b88de87a1","created_at":"2026-10-03T16:10:52+00:00"}'

attacks\stage-1\attacklib.py:105: AssertionError
=========================== short test summary info ===========================
FAILED attacks/stage-2/test_capture.py::test_capture_invalid_amount_is_422 - ...
1 failed in 2.05s

exit 1
