$ powershell -NoProfile -File evidence/verifier/repro_s2_c6.ps1
F                                                                        [100%]
================================== FAILURES ===================================
_____________ test_s2_c6_pay_form_no_double_submit_without_change _____________

base_url = 'http://127.0.0.1:56392'

    @pytest.mark.skipif(not delivery.stage_dir_exists(), reason="stage-2 not present")
    def test_s2_c6_pay_form_no_double_submit_without_change(base_url):
        from playwright.sync_api import sync_playwright
    
        from s2lib import fixtures as fx
    
        with sync_playwright() as p:
            browser = p.chromium.launch(headless=True)
            page = browser.new_page()
            page.goto(f"{base_url}/login")
            page.get_by_test_id("login-email").fill(fx.ADA["email"])
            page.get_by_test_id("login-password").fill(fx.ADA["password"])
            page.get_by_test_id("login-submit").click()
            page.get_by_test_id("current-user").wait_for(state="visible", timeout=10_000)
            page.goto(f"{base_url}/")
            page.get_by_test_id("pay-handle").wait_for(state="visible", timeout=10_000)
            page.get_by_test_id("pay-handle").fill("bob")
            page.get_by_test_id("pay-amount").fill("1.00")
            page.get_by_test_id("pay-submit").click()
            bal1 = page.get_by_test_id("wallet-balance").get_attribute("data-amount")
            page.get_by_test_id("pay-submit").click()
            bal2 = page.get_by_test_id("wallet-balance").get_attribute("data-amount")
>           assert bal1 == bal2
E           AssertionError: assert '10000' == '9900'
E             
E             - 9900
E             + 10000

verify\stage-2\test_s2_ui_flows.py:35: AssertionError
============================== warnings summary ===============================
verify\stage-2\test_s2_ui_flows.py:8
  C:\Users\HARIHARAN\Desktop\Band\band-work\result\verify\stage-2\test_s2_ui_flows.py:8: PytestUnknownMarkWarning: Unknown pytest.mark.stage - is this a typo?  You can register custom marks to avoid this warning - for details, see https://docs.pytest.org/en/stable/how-to/mark.html
    pytestmark = pytest.mark.stage(2)

-- Docs: https://docs.pytest.org/en/stable/how-to/capture-warnings.html
=========================== short test summary info ===========================
FAILED verify/stage-2/test_s2_ui_flows.py::test_s2_c6_pay_form_no_double_submit_without_change
1 failed, 1 warning in 1.93s

exit 1
