$ powershell -NoProfile -File evidence/verifier/repro_s1_c18.ps1
F                                                                        [100%]
================================== FAILURES ===================================
_______________________ test_s1_c18_activity_visibility _______________________

world = namespace(fixture={'currency': 'EUR', 'minor_units': 2, 'users': [{'id': 'u_ada', 'email': 'ada@example.com', 'passwor...t 0x000001664E79E870>, bob=<lib.http.Api object at 0x0000016650D34350>, cy=<lib.http.Api object at 0x0000016650DF2DB0>)
pay = <function pay.<locals>._pay at 0x0000016650DEE980>

    def test_s1_c18_activity_visibility(world, pay):
        assert_status(pay(world.ada, to_handle="bob", amount=100, visibility="public"), 201)
        assert len(world.cy.get("/activity").json()["payments"]) == 1
        assert_status(pay(world.ada, to_handle="bob", amount=50, visibility="private"), 201)
>       assert world.cy.get("/activity").json()["payments"] == []
E       AssertionError: assert [{'payment_id...'u_bob', ...}] == []
E         
E         Left contains one more item: {'payment_id': 'p_cad0e92b67a47b2747c7f140296d5a15', 'from_user_id': 'u_ada', 'from_handle': 'ada', 'to_user_id': 'u_bob', ...}
E         Use -v to get more diff

verify\stage-1\test_s1_splits_activity.py:50: AssertionError
============================== warnings summary ===============================
verify\stage-1\test_s1_splits_activity.py:9
  C:\Users\HARIHARAN\Desktop\Band\band-work\result\verify\stage-1\test_s1_splits_activity.py:9: PytestUnknownMarkWarning: Unknown pytest.mark.stage - is this a typo?  You can register custom marks to avoid this warning - for details, see https://docs.pytest.org/en/stable/how-to/mark.html
    pytestmark = pytest.mark.stage(1)

-- Docs: https://docs.pytest.org/en/stable/how-to/capture-warnings.html
=========================== short test summary info ===========================
FAILED verify/stage-1/test_s1_splits_activity.py::test_s1_c18_activity_visibility
1 failed, 1 warning in 1.55s

exit 1
