$ powershell -NoProfile -File evidence/verifier/run_s3_check.ps1 -Check S3-C21
FF                                                                       [100%]
================================== FAILURES ===================================
_____________ test_s3_c21_statement_entry_includes_revision_times _____________

reset = <function reset.<locals>._reset at 0x000002125D07DDA0>
world = namespace(fixture={'currency': 'EUR', 'minor_units': 2, 'users': [{'id': 'u_ada', 'email': 'ada@example.com', 'passwor...000002125AB1EB40>, bob=<s3lib.http.Api object at 0x000002125D110C20>, cy=<s3lib.http.Api object at 0x000002125D14AEA0>)

    def test_s3_c21_statement_entry_includes_revision_times(reset, world):
        fx_body = fx.fixture(
            payments=[
                {
                    "id": "pay1",
                    "from_user_id": fx.ADA["id"],
                    "to_user_id": fx.BOB["id"],
                    "amount": 500,
                    "visibility": "private",
                    "created_at": "2026-09-20T12:00:00+00:00",
                }
            ]
        )
        reset(fx_body)
        assert_status(
            world.ada.post(
                "/payments/pay1/corrections",
                json={
                    "expected_revision": 1,
                    "amount": 450,
                    "effective_at": "2026-09-19T10:00:00+00:00",
                    "reason": "backdate",
                },
                idempotency_key=new_key(),
            ),
            201,
        )
        st = assert_status(
            world.ada.get("/statement", params={"known_at": "2026-09-21T00:00:00+00:00"}),
            200,
        ).json()
        assert len(st["entries"]) == 1
        entry = st["entries"][0]
        for field in ("revision", "effective_at", "recorded_at"):
            assert field in entry
>       assert entry["payment"]["amount"] == 450
E       assert 500 == 450

verify\stage-3\test_s3_spec_part2.py:119: AssertionError
____________________ test_s3_c21_corrected_statement_order ____________________

reset = <function reset.<locals>._reset at 0x000002125D1463E0>
world = namespace(fixture={'currency': 'EUR', 'minor_units': 2, 'users': [{'id': 'u_ada', 'email': 'ada@example.com', 'passwor...000002125D14A9F0>, bob=<s3lib.http.Api object at 0x000002125D0C2870>, cy=<s3lib.http.Api object at 0x000002125D064590>)

    def test_s3_c21_corrected_statement_order(reset, world):
        fx_body = fx.fixture(
            payments=[
                {
                    "id": "pay1",
                    "from_user_id": fx.ADA["id"],
                    "to_user_id": fx.BOB["id"],
                    "amount": 500,
                    "visibility": "private",
                    "created_at": "2026-09-20T12:00:00+00:00",
                }
            ]
        )
        reset(fx_body)
        assert_status(
            world.ada.post(
                "/payments/pay1/corrections",
                json={
                    "expected_revision": 1,
                    "amount": 0,
                    "effective_at": "2026-09-19T12:00:00+00:00",
                    "reason": "zero out",
                },
                idempotency_key=new_key(),
            ),
            201,
        )
        st = assert_status(
            world.ada.get("/statement", params={"known_at": "2026-09-21T00:00:00+00:00"}),
            200,
        ).json()
        if st["entries"]:
            entry = st["entries"][0]
>           assert entry["payment"]["amount"] == 0
E           assert 500 == 0

verify\stage-3\test_s3_known_at_snapshots.py:66: AssertionError
=========================== short test summary info ===========================
FAILED verify/stage-3/test_s3_spec_part2.py::test_s3_c21_statement_entry_includes_revision_times
FAILED verify/stage-3/test_s3_known_at_snapshots.py::test_s3_c21_corrected_statement_order
2 failed in 4.02s

exit 1
