$ powershell -NoProfile -File evidence/verifier/run_s4_pytest_27031f32ccf2.ps1 -Node verify/stage-4
.F..........F..............F........                                     [100%]
================================== FAILURES ===================================
______________________ test_s4_c14_batch_body_validation ______________________

reset = <function reset.<locals>._reset at 0x0000016897AC77E0>
api = <function api.<locals>._api at 0x0000016897BD0720>

    def test_s4_c14_batch_body_validation(reset, api):
        ada, _ = _operator_world(reset, api)
        assert_error(
            ada.post(
                "/correction-batches",
                json={"corrections": []},
                idempotency_key=new_key(),
            ),
            422,
            "validation_failed",
        )
        dup = [
            {"payment_id": "p1", "expected_revision": 1, "amount": 1, "effective_at": EFFECTIVE, "reason": "a"},
            {"payment_id": "p1", "expected_revision": 1, "amount": 2, "effective_at": EFFECTIVE, "reason": "b"},
        ]
>       assert_error(
            ada.post("/correction-batches", json={"corrections": dup}, idempotency_key=new_key()),
            422,
            "validation_failed",
        )

verify\stage-4\test_s4_batches.py:56: 
_ _ _ _ _ _ _ _ _ _ _ _ _ _ _ _ _ _ _ _ _ _ _ _ _ _ _ _ _ _ _ _ _ _ _ _ _ _ _ _

resp = <Response [404 Not Found]>, status = 422, code = 'validation_failed'

    def assert_error(resp: httpx.Response, status: int, code: str) -> httpx.Response:
        actual = error_code(resp) if 400 <= resp.status_code < 600 else None
>       assert resp.status_code == status and actual == code, (
               ^^^^^^^^^^^^^^^^^^^^^^^^^^^^^^^^^^^^^^^^^^^^^
            f"expected {status} {code}, got {resp.status_code} {actual}. {_describe(resp)}"
        )
E       AssertionError: expected 422 validation_failed, got 404 not_found. POST /correction-batches -> 404 '{"error":{"code":"not_found","message":"payment not found"}}'

verify\stage-3\s3lib\http.py:114: AssertionError
________________ test_s4_c12_correction_below_refunded_amount _________________

reset = <function reset.<locals>._reset at 0x0000016897C06FC0>
world = namespace(fixture={'currency': 'EUR', 'minor_units': 2, 'users': [{'id': 'u_ada', 'email': 'ada@example.com', 'passwor...0000016897BDF1A0>, bob=<s3lib.http.Api object at 0x0000016897BC3230>, cy=<s3lib.http.Api object at 0x0000016897BDF680>)
refund = <function refund.<locals>._refund at 0x0000016897C07B00>

    def test_s4_c12_correction_below_refunded_amount(reset, world, refund):
        pid = _seed_direct(reset, amount=500)
        assert_status(refund(world.bob, pid, 200), 201)
>       assert_error(
            world.ada.post(
                f"/payments/{pid}/corrections",
                json={
                    "expected_revision": 1,
                    "amount": 250,
                    "effective_at": "2026-09-20T12:00:00+00:00",
                    "reason": "too low",
                },
                idempotency_key=new_key(),
            ),
            422,
            "refund_exceeds_payment",
        )

verify\stage-4\test_s4_corrections.py:83: 
_ _ _ _ _ _ _ _ _ _ _ _ _ _ _ _ _ _ _ _ _ _ _ _ _ _ _ _ _ _ _ _ _ _ _ _ _ _ _ _

resp = <Response [201 Created]>, status = 422, code = 'refund_exceeds_payment'

    def assert_error(resp: httpx.Response, status: int, code: str) -> httpx.Response:
        actual = error_code(resp) if 400 <= resp.status_code < 600 else None
>       assert resp.status_code == status and actual == code, (
               ^^^^^^^^^^^^^^^^^^^^^^^^^^^^^^^^^^^^^^^^^^^^^
            f"expected {status} {code}, got {resp.status_code} {actual}. {_describe(resp)}"
        )
E       AssertionError: expected 422 refund_exceeds_payment, got 201 None. POST /payments/pay1/corrections -> 201 '{"amount":250,"effective_at":"2026-09-20T12:00:00+00:00","payment_id":"pay1","reason":"too low","recorded_at":"2026-10-04T17:17:48+00:00","revision":2}'

verify\stage-3\s3lib\http.py:114: AssertionError
_____________ test_s4_c10_refund_does_not_reopen_request_or_hold ______________

reset = <function reset.<locals>._reset at 0x0000016897C06AC0>
world = namespace(fixture={'currency': 'EUR', 'minor_units': 2, 'users': [{'id': 'u_ada', 'email': 'ada@example.com', 'passwor...0000016897C89D90>, bob=<s3lib.http.Api object at 0x0000016897C14950>, cy=<s3lib.http.Api object at 0x0000016897BC1D60>)
refund = <function refund.<locals>._refund at 0x0000016897C251C0>
authorize = <function authorize.<locals>._auth at 0x0000016897C24AE0>

    def test_s4_c10_refund_does_not_reopen_request_or_hold(reset, world, refund, authorize):
        fx_body = fx.fixture(
            requests=[
                {
                    "id": "req1",
                    "requester_id": fx.BOB["id"],
                    "payer_id": fx.ADA["id"],
                    "amount": 300,
                    "note": "x",
                    "status": "paid",
                    "payment_id": "pay_req",
                    "created_at": "2026-09-20T12:00:00+00:00",
                }
            ],
            payments=[
                {
                    "id": "pay_req",
                    "from_user_id": fx.ADA["id"],
                    "to_user_id": fx.BOB["id"],
                    "amount": 300,
                    "visibility": "public",
                    "request_id": "req1",
                    "created_at": "2026-09-20T12:00:00+00:00",
                }
            ],
        )
        reset(fx_body)
        assert_status(refund(world.bob, "pay_req", 100), 201)
        reqs = assert_status(world.bob.get("/requests"), 200).json()["requests"]
        paid = next(r for r in reqs if r["request_id"] == "req1")
        assert paid["status"] == "paid"
>       assert paid["payment_id"] == "pay_req"
E       AssertionError: assert None == 'pay_req'

verify\stage-4\test_s4_refunds.py:146: AssertionError
=========================== short test summary info ===========================
FAILED verify/stage-4/test_s4_batches.py::test_s4_c14_batch_body_validation
FAILED verify/stage-4/test_s4_corrections.py::test_s4_c12_correction_below_refunded_amount
FAILED verify/stage-4/test_s4_refunds.py::test_s4_c10_refund_does_not_reopen_request_or_hold
3 failed, 33 passed in 94.07s (0:01:34)

exit 1
