$ powershell -NoProfile -File evidence/verifier/run_s4_check_10d2be5fa9c6.ps1 -Check S4-RC10
F                                                                        [100%]
================================== FAILURES ===================================
_____________ test_s4_c10_refund_does_not_reopen_request_or_hold ______________

reset = <function reset.<locals>._reset at 0x0000011B30C05080>
world = namespace(fixture={'currency': 'EUR', 'minor_units': 2, 'users': [{'id': 'u_ada', 'email': 'ada@example.com', 'passwor...0000011B301EFBF0>, bob=<s3lib.http.Api object at 0x0000011B3020F9E0>, cy=<s3lib.http.Api object at 0x0000011B30CE5970>)
refund = <function refund.<locals>._refund at 0x0000011B30CD9F80>
authorize = <function authorize.<locals>._auth at 0x0000011B30CDA340>

    def test_s4_c10_refund_does_not_reopen_request_or_hold(reset, world, refund, authorize):
        fx_body = fx.fixture(
            requests=[
                {
                    "id": "req1",
                    "requester_id": fx.BOB["id"],
                    "payer_id": fx.ADA["id"],
                    "amount": 300,
                    "note": "x",
                    "status": "paid",
                    "payment_id": "pay_req",
                    "created_at": "2026-09-20T12:00:00+00:00",
                }
            ],
            payments=[
                {
                    "id": "pay_req",
                    "from_user_id": fx.ADA["id"],
                    "to_user_id": fx.BOB["id"],
                    "amount": 300,
                    "visibility": "public",
                    "request_id": "req1",
                    "created_at": "2026-09-20T12:00:00+00:00",
                }
            ],
        )
        reset(fx_body)
        assert_status(refund(world.bob, "pay_req", 100), 201)
        reqs = assert_status(world.bob.get("/requests"), 200).json()["requests"]
        paid = next(r for r in reqs if r["request_id"] == "req1")
        assert paid["status"] == "paid"
>       assert paid["payment_id"] == "pay_req"
E       AssertionError: assert None == 'pay_req'

verify\stage-4\test_s4_refunds.py:146: AssertionError
=========================== short test summary info ===========================
FAILED verify/stage-4/test_s4_refunds.py::test_s4_c10_refund_does_not_reopen_request_or_hold
1 failed in 3.88s

exit 1
